Archive member included to satisfy reference by file (symbol)

c:/altera/16.0/nios2eds/bin/gnu/h-x86_64-mingw32/bin/../lib/gcc/nios2-elf/5.2.0/../../../../../H-x86_64-mingw32/nios2-elf/lib/mno-hw-mul\libc.a(lib_a-getc.o)
                              obj/default/hello_world.o (getc)
c:/altera/16.0/nios2eds/bin/gnu/h-x86_64-mingw32/bin/../lib/gcc/nios2-elf/5.2.0/../../../../../H-x86_64-mingw32/nios2-elf/lib/mno-hw-mul\libc.a(lib_a-impure.o)
                              obj/default/hello_world.o (_impure_ptr)
c:/altera/16.0/nios2eds/bin/gnu/h-x86_64-mingw32/bin/../lib/gcc/nios2-elf/5.2.0/../../../../../H-x86_64-mingw32/nios2-elf/lib/mno-hw-mul\libc.a(lib_a-printf.o)
                              obj/default/hello_world.o (printf)
c:/altera/16.0/nios2eds/bin/gnu/h-x86_64-mingw32/bin/../lib/gcc/nios2-elf/5.2.0/../../../../../H-x86_64-mingw32/nios2-elf/lib/mno-hw-mul\libc.a(lib_a-putchar.o)
                              obj/default/hello_world.o (putchar)
c:/altera/16.0/nios2eds/bin/gnu/h-x86_64-mingw32/bin/../lib/gcc/nios2-elf/5.2.0/../../../../../H-x86_64-mingw32/nios2-elf/lib/mno-hw-mul\libc.a(lib_a-puts.o)
                              obj/default/hello_world.o (puts)
c:/altera/16.0/nios2eds/bin/gnu/h-x86_64-mingw32/bin/../lib/gcc/nios2-elf/5.2.0/../../../../../H-x86_64-mingw32/nios2-elf/lib/mno-hw-mul\libc.a(lib_a-rget.o)
                              c:/altera/16.0/nios2eds/bin/gnu/h-x86_64-mingw32/bin/../lib/gcc/nios2-elf/5.2.0/../../../../../H-x86_64-mingw32/nios2-elf/lib/mno-hw-mul\libc.a(lib_a-getc.o) (__srget_r)
c:/altera/16.0/nios2eds/bin/gnu/h-x86_64-mingw32/bin/../lib/gcc/nios2-elf/5.2.0/../../../../../H-x86_64-mingw32/nios2-elf/lib/mno-hw-mul\libc.a(lib_a-scanf.o)
                              obj/default/hello_world.o (scanf)
c:/altera/16.0/nios2eds/bin/gnu/h-x86_64-mingw32/bin/../lib/gcc/nios2-elf/5.2.0/../../../../../H-x86_64-mingw32/nios2-elf/lib/mno-hw-mul\libc.a(lib_a-strlen.o)
                              c:/altera/16.0/nios2eds/bin/gnu/h-x86_64-mingw32/bin/../lib/gcc/nios2-elf/5.2.0/../../../../../H-x86_64-mingw32/nios2-elf/lib/mno-hw-mul\libc.a(lib_a-puts.o) (strlen)
c:/altera/16.0/nios2eds/bin/gnu/h-x86_64-mingw32/bin/../lib/gcc/nios2-elf/5.2.0/../../../../../H-x86_64-mingw32/nios2-elf/lib/mno-hw-mul\libc.a(lib_a-vfprintf.o)
                              c:/altera/16.0/nios2eds/bin/gnu/h-x86_64-mingw32/bin/../lib/gcc/nios2-elf/5.2.0/../../../../../H-x86_64-mingw32/nios2-elf/lib/mno-hw-mul\libc.a(lib_a-printf.o) (___vfprintf_internal_r)
c:/altera/16.0/nios2eds/bin/gnu/h-x86_64-mingw32/bin/../lib/gcc/nios2-elf/5.2.0/../../../../../H-x86_64-mingw32/nios2-elf/lib/mno-hw-mul\libc.a(lib_a-vfscanf.o)
                              c:/altera/16.0/nios2eds/bin/gnu/h-x86_64-mingw32/bin/../lib/gcc/nios2-elf/5.2.0/../../../../../H-x86_64-mingw32/nios2-elf/lib/mno-hw-mul\libc.a(lib_a-scanf.o) (_vfscanf_r)
c:/altera/16.0/nios2eds/bin/gnu/h-x86_64-mingw32/bin/../lib/gcc/nios2-elf/5.2.0/../../../../../H-x86_64-mingw32/nios2-elf/lib/mno-hw-mul\libc.a(lib_a-wsetup.o)
                              c:/altera/16.0/nios2eds/bin/gnu/h-x86_64-mingw32/bin/../lib/gcc/nios2-elf/5.2.0/../../../../../H-x86_64-mingw32/nios2-elf/lib/mno-hw-mul\libc.a(lib_a-vfprintf.o) (__swsetup_r)
c:/altera/16.0/nios2eds/bin/gnu/h-x86_64-mingw32/bin/../lib/gcc/nios2-elf/5.2.0/../../../../../H-x86_64-mingw32/nios2-elf/lib/mno-hw-mul\libc.a(lib_a-ctype_.o)
                              c:/altera/16.0/nios2eds/bin/gnu/h-x86_64-mingw32/bin/../lib/gcc/nios2-elf/5.2.0/../../../../../H-x86_64-mingw32/nios2-elf/lib/mno-hw-mul\libc.a(lib_a-vfscanf.o) (__ctype_ptr__)
c:/altera/16.0/nios2eds/bin/gnu/h-x86_64-mingw32/bin/../lib/gcc/nios2-elf/5.2.0/../../../../../H-x86_64-mingw32/nios2-elf/lib/mno-hw-mul\libc.a(lib_a-dtoa.o)
                              c:/altera/16.0/nios2eds/bin/gnu/h-x86_64-mingw32/bin/../lib/gcc/nios2-elf/5.2.0/../../../../../H-x86_64-mingw32/nios2-elf/lib/mno-hw-mul\libc.a(lib_a-vfprintf.o) (_dtoa_r)
c:/altera/16.0/nios2eds/bin/gnu/h-x86_64-mingw32/bin/../lib/gcc/nios2-elf/5.2.0/../../../../../H-x86_64-mingw32/nios2-elf/lib/mno-hw-mul\libc.a(lib_a-fflush.o)
                              c:/altera/16.0/nios2eds/bin/gnu/h-x86_64-mingw32/bin/../lib/gcc/nios2-elf/5.2.0/../../../../../H-x86_64-mingw32/nios2-elf/lib/mno-hw-mul\libc.a(lib_a-vfprintf.o) (_fflush_r)
c:/altera/16.0/nios2eds/bin/gnu/h-x86_64-mingw32/bin/../lib/gcc/nios2-elf/5.2.0/../../../../../H-x86_64-mingw32/nios2-elf/lib/mno-hw-mul\libc.a(lib_a-findfp.o)
                              c:/altera/16.0/nios2eds/bin/gnu/h-x86_64-mingw32/bin/../lib/gcc/nios2-elf/5.2.0/../../../../../H-x86_64-mingw32/nios2-elf/lib/mno-hw-mul\libc.a(lib_a-getc.o) (__sinit)
c:/altera/16.0/nios2eds/bin/gnu/h-x86_64-mingw32/bin/../lib/gcc/nios2-elf/5.2.0/../../../../../H-x86_64-mingw32/nios2-elf/lib/mno-hw-mul\libc.a(lib_a-fread.o)
[...]
Memory Configuration

Name             Origin             Length             Attributes
reset            0x0000000000020000 0x0000000000000020
onchip_memory2_0 0x0000000000020020 0x000000000001ffe0
*default*        0x0000000000000000 0xffffffffffffffff

Linker script and memory map

LOAD ../checkmeharder_bsp//obj/HAL/src/crt0.o
LOAD obj/default/hello_world.o
LOAD c:/altera/16.0/nios2eds/bin/gnu/h-x86_64-mingw32/bin/../lib/gcc/nios2-elf/5.2.0/../../../../../H-x86_64-mingw32/nios2-elf/lib/mno-hw-mul\libstdc++.a
LOAD c:/altera/16.0/nios2eds/bin/gnu/h-x86_64-mingw32/bin/../lib/gcc/nios2-elf/5.2.0/../../../../../H-x86_64-mingw32/nios2-elf/lib/mno-hw-mul\libm.a
LOAD c:/altera/16.0/nios2eds/bin/gnu/h-x86_64-mingw32/bin/../lib/gcc/nios2-elf/5.2.0/mno-hw-mul\libgcc.a
START GROUP
LOAD c:/altera/16.0/nios2eds/bin/gnu/h-x86_64-mingw32/bin/../lib/gcc/nios2-elf/5.2.0/../../../../../H-x86_64-mingw32/nios2-elf/lib/mno-hw-mul\libc.a
LOAD c:/altera/16.0/nios2eds/bin/gnu/h-x86_64-mingw32/bin/../lib/gcc/nios2-elf/5.2.0/mno-hw-mul\libgcc.a
LOAD ../checkmeharder_bsp/\libhal_bsp.a
LOAD c:/altera/16.0/nios2eds/bin/gnu/h-x86_64-mingw32/bin/../lib/gcc/nios2-elf/5.2.0/../../../../../H-x86_64-mingw32/nios2-elf/lib/mno-hw-mul\libm.a
END GROUP
LOAD c:/altera/16.0/nios2eds/bin/gnu/h-x86_64-mingw32/bin/../lib/gcc/nios2-elf/5.2.0/mno-hw-mul\libgcc.a
                0x0000000000020000                __alt_mem_onchip_memory2_0 = 0x20000

.entry          0x0000000000020000       0x20
 *(.entry)
 .entry         0x0000000000020000       0x20 ../checkmeharder_bsp//obj/HAL/src/crt0.o
                0x0000000000020000                __reset

.exceptions     0x0000000000020020        0x0
                0x0000000000020020                PROVIDE (__ram_exceptions_start, ABSOLUTE (.))
                0x0000000000020020                . = ALIGN (0x20)
 *(.irq)
 *(.exceptions.entry.label)
 *(.exceptions.entry.user)
 *(.exceptions.entry.ecc_fatal)
 *(.exceptions.entry)
 *(.exceptions.irqtest.user)
 *(.exceptions.irqtest)
 *(.exceptions.irqhandler.user)
 *(.exceptions.irqhandler)
 *(.exceptions.irqreturn.user)
 *(.exceptions.irqreturn)
 *(.exceptions.notirq.label)
 *(.exceptions.notirq.user)
 *(.exceptions.notirq)
 *(.exceptions.soft.user)
 *(.exceptions.soft)
 *(.exceptions.unknown.user)
 *(.exceptions.unknown)
 *(.exceptions.exit.label)
 *(.exceptions.exit.user)
 *(.exceptions.exit)
 *(.exceptions)
                0x0000000000020020                PROVIDE (__ram_exceptions_end, ABSOLUTE (.))
                0x0000000000020020                PROVIDE (__flash_exceptions_start, LOADADDR (.exceptions))

.text           0x0000000000020020    0x1828c
                [!provide]                        PROVIDE (stext, ABSOLUTE (.))
 *(.interp)
 *(.hash)
 *(.dynsym)
 *(.dynstr)
 *(.gnu.version)
 *(.gnu.version_d)
 *(.gnu.version_r)
 *(.rel.init)
 *(.rela.init)
 *(.rel.text .rel.text.* .rel.gnu.linkonce.t.*)
 *(.rela.text .rela.text.* .rela.gnu.linkonce.t.*)
 *(.rel.fini)
 *(.rela.fini)
 *(.rel.rodata .rel.rodata.* .rel.gnu.linkonce.r.*)
 *(.rela.rodata .rela.rodata.* .rela.gnu.linkonce.r.*)
 *(.rel.data .rel.data.* .rel.gnu.linkonce.d.*)
 *(.rela.data .rela.data.* .rela.gnu.linkonce.d.*)
 *(.rel.tdata .rel.tdata.* .rel.gnu.linkonce.td.*)
 *(.rela.tdata .rela.tdata.* .rela.gnu.linkonce.td.*)
 *(.rel.tbss .rel.tbss.* .rel.gnu.linkonce.tb.*)
 *(.rela.tbss .rela.tbss.* .rela.gnu.linkonce.tb.*)
 *(.rel.ctors)
 *(.rela.ctors)
 *(.rel.dtors)
 *(.rela.dtors)
 *(.rel.got)
 *(.rela.got)
 *(.rel.sdata .rel.sdata.* .rel.gnu.linkonce.s.*)
 *(.rela.sdata .rela.sdata.* .rela.gnu.linkonce.s.*)
 *(.rel.sbss .rel.sbss.* .rel.gnu.linkonce.sb.*)
 *(.rela.sbss .rela.sbss.* .rela.gnu.linkonce.sb.*)
 *(.rel.sdata2 .rel.sdata2.* .rel.gnu.linkonce.s2.*)
 *(.rela.sdata2 .rela.sdata2.* .rela.gnu.linkonce.s2.*)
 *(.rel.sbss2 .rel.sbss2.* .rel.gnu.linkonce.sb2.*)
 *(.rela.sbss2 .rela.sbss2.* .rela.gnu.linkonce.sb2.*)
 *(.rel.bss .rel.bss.* .rel.gnu.linkonce.b.*)
 *(.rela.bss .rela.bss.* .rela.gnu.linkonce.b.*)
 *(.rel.plt)
 *(.rela.plt)
 *(.rel.dyn)
 *(.init)
 *(.plt)
 *(.text .stub .text.* .gnu.linkonce.t.*)
 .text          0x0000000000020020       0x3c ../checkmeharder_bsp//obj/HAL/src/crt0.o
                0x0000000000020020                _start
 .text          0x000000000002005c     0x1468 obj/default/hello_world.o
                0x000000000002005c                main
                0x0000000000020248                boardToBuffer
                0x0000000000020410                printBoard
                0x0000000000020560                getSpot
                0x00000000000206e4                setSpot
                0x0000000000020898                initializeBoard
                0x0000000000020a5c                movePiece
                0x0000000000020b20                checkMove
                0x0000000000020dc8                jump
                0x00000000000213b0                pushStack
                0x0000000000021434                popStack
 .text          0x00000000000214c4        0x0 c:/altera/16.0/nios2eds/bin/gnu/h-x86_64-mingw32/bin/../lib/gcc/nios2-elf/5.2.0/../../../../../H-x86_64-mingw32/nios2-elf/lib/mno-hw-mul\libc.a(lib_a-getc.o)
 .text._getc_r  0x00000000000214c4       0x70 c:/altera/16.0/nios2eds/bin/gnu/h-x86_64-mingw32/bin/../lib/gcc/nios2-elf/5.2.0/../../../../../H-x86_64-mingw32/nios2-elf/lib/mno-hw-mul\libc.a(lib_a-getc.o)
                0x00000000000214c4                _getc_r
 .text.getc     0x0000000000021534       0x88 c:/altera/16.0/nios2eds/bin/gnu/h-x86_64-mingw32/bin/../lib/gcc/nios2-elf/5.2.0/../../../../../H-x86_64-mingw32/nios2-elf/lib/mno-hw-mul\libc.a(lib_a-getc.o)
                0x0000000000021534                getc
 .text          0x00000000000215bc        0x0 c:/altera/16.0/nios2eds/bin/gnu/h-x86_64-mingw32/bin/../lib/gcc/nios2-elf/5.2.0/../../../../../H-x86_64-mingw32/nios2-elf/lib/mno-hw-mul\libc.a(lib_a-impure.o)
 .text          0x00000000000215bc        0x0 c:/altera/16.0/nios2eds/bin/gnu/h-x86_64-mingw32/bin/../lib/gcc/nios2-elf/5.2.0/../../../../../H-x86_64-mingw32/nios2-elf/lib/mno-hw-mul\libc.a(lib_a-printf.o)
 .text._printf_r
                0x00000000000215bc       0x30 c:/altera/16.0/nios2eds/bin/gnu/h-x86_64-mingw32/bin/../lib/gcc/nios2-elf/5.2.0/../../../../../H-x86_64-mingw32/nios2-elf/lib/mno-hw-mul\libc.a(lib_a-printf.o)
                0x00000000000215bc                _printf_r
 .text.printf   0x00000000000215ec       0x3c c:/altera/16.0/nios2eds/bin/gnu/h-x86_64-mingw32/bin/../lib/gcc/nios2-elf/5.2.0/../../../../../H-x86_64-mingw32/nios2-elf/lib/mno-hw-mul\libc.a(lib_a-printf.o)
                0x00000000000215ec                printf
 .text          0x0000000000021628        0x0 c:/altera/16.0/nios2eds/bin/gnu/h-x86_64-mingw32/bin/../lib/gcc/nios2-elf/5.2.0/../../../../../H-x86_64-mingw32/nios2-elf/lib/mno-hw-mul\libc.a(lib_a-putchar.o)
 .text._putchar_r
                0x0000000000021628        0x8 c:/altera/16.0/nios2eds/bin/gnu/h-x86_64-mingw32/bin/../lib/gcc/nios2-elf/5.2.0/../../../../../H-x86_64-mingw32/nios2-elf/lib/mno-hw-mul\libc.a(lib_a-putchar.o)
                0x0000000000021628                _putchar_r
 .text.putchar  0x0000000000021630       0x18 c:/altera/16.0/nios2eds/bin/gnu/h-x86_64-mingw32/bin/../lib/gcc/nios2-elf/5.2.0/../../../../../H-x86_64-mingw32/nios2-elf/lib/mno-hw-mul\libc.a(lib_a-putchar.o)
                0x0000000000021630                putchar
 .text          0x0000000000021648        0x0 c:/altera/16.0/nios2eds/bin/gnu/h-x86_64-mingw32/bin/../lib/gcc/nios2-elf/5.2.0/../../../../../H-x86_64-mingw32/nios2-elf/lib/mno-hw-mul\libc.a(lib_a-puts.o)
 .text._puts_r  0x0000000000021648       0xc0 c:/altera/16.0/nios2eds/bin/gnu/h-x86_64-mingw32/bin/../lib/gcc/nios2-elf/5.2.0/../../../../../H-x86_64-mingw32/nios2-elf/lib/mno-hw-mul\libc.a(lib_a-puts.o)
                0x0000000000021648                _puts_r
 .text.puts     0x0000000000021708       0x14 c:/altera/16.0/nios2eds/bin/gnu/h-x86_64-mingw32/bin/../lib/gcc/nios2-elf/5.2.0/../../../../../H-x86_64-mingw32/nios2-elf/lib/mno-hw-mul\libc.a(lib_a-puts.o)
                0x0000000000021708                puts
 .text          0x000000000002171c        0x0 c:/altera/16.0/nios2eds/bin/gnu/h-x86_64-mingw32/bin/../lib/gcc/nios2-elf/5.2.0/../../../../../H-x86_64-mingw32/nios2-elf/lib/mno-hw-mul\libc.a(lib_a-rget.o)
 .text.__srget_r
                0x000000000002171c       0x74 c:/altera/16.0/nios2eds/bin/gnu/h-x86_64-mingw32/bin/../lib/gcc/nios2-elf/5.2.0/../../../../../H-x86_64-mingw32/nios2-elf/lib/mno-hw-mul\libc.a(lib_a-rget.o)
                0x000000000002171c                __srget_r
 .text.__srget  0x0000000000021790       0x14 c:/altera/16.0/nios2eds/bin/gnu/h-x86_64-mingw32/bin/../lib/gcc/nios2-elf/5.2.0/../../../../../H-x86_64-mingw32/nios2-elf/lib/mno-hw-mul\libc.a(lib_a-rget.o)
                0x0000000000021790                __srget
 .text          0x00000000000217a4        0x0 c:/altera/16.0/nios2eds/bin/gnu/h-x86_64-mingw32/bin/../lib/gcc/nios2-elf/5.2.0/../../../../../H-x86_64-mingw32/nios2-elf/lib/mno-hw-mul\libc.a(lib_a-scanf.o)
 .text.scanf    0x00000000000217a4       0x3c c:/altera/16.0/nios2eds/bin/gnu/h-x86_64-mingw32/bin/../lib/gcc/nios2-elf/5.2.0/../../../../../H-x86_64-mingw32/nios2-elf/lib/mno-hw-mul\libc.a(lib_a-scanf.o)
                0x00000000000217a4                scanf
 .text._scanf_r
                0x00000000000217e0       0x30 c:/altera/16.0/nios2eds/bin/gnu/h-x86_64-mingw32/bin/../lib/gcc/nios2-elf/5.2.0/../../../../../H-x86_64-mingw32/nios2-elf/lib/mno-hw-mul\libc.a(lib_a-scanf.o)
                0x00000000000217e0                _scanf_r
 .text          0x0000000000021810        0x0 c:/altera/16.0/nios2eds/bin/gnu/h-x86_64-mingw32/bin/../lib/gcc/nios2-elf/5.2.0/../../../../../H-x86_64-mingw32/nios2-elf/lib/mno-hw-mul\libc.a(lib_a-strlen.o)
 .text.strlen   0x0000000000021810       0x98 c:/altera/16.0/nios2eds/bin/gnu/h-x86_64-mingw32/bin/../lib/gcc/nios2-elf/5.2.0/../../../../../H-x86_64-mingw32/nios2-elf/lib/mno-hw-mul\libc.a(lib_a-strlen.o)
                0x0000000000021810                strlen
 .text          0x00000000000218a8        0x0 c:/altera/16.0/nios2eds/bin/gnu/h-x86_64-mingw32/bin/../lib/gcc/nios2-elf/5.2.0/../../../../../H-x86_64-mingw32/nios2-elf/lib/mno-hw-mul\libc.a(lib_a-vfprintf.o)
 .text.___vfprintf_internal_r
                0x00000000000218a8     0x22dc c:/altera/16.0/nios2eds/bin/gnu/h-x86_64-mingw32/bin/../lib/gcc/nios2-elf/5.2.0/../../../../../H-x86_64-mingw32/nios2-elf/lib/mno-hw-mul\libc.a(lib_a-vfprintf.o)
                0x00000000000218a8                ___vfprintf_internal_r
 .text.__vfprintf_internal
                0x0000000000023b84       0x1c c:/altera/16.0/nios2eds/bin/gnu/h-x86_64-mingw32/bin/../lib/gcc/nios2-elf/5.2.0/../../../../../H-x86_64-mingw32/nios2-elf/lib/mno-hw-mul\libc.a(lib_a-vfprintf.o)
                0x0000000000023b84                __vfprintf_internal
 .text.__sbprintf
                0x0000000000023ba0       0xbc c:/altera/16.0/nios2eds/bin/gnu/h-x86_64-mingw32/bin/../lib/gcc/nios2-elf/5.2.0/../../../../../H-x86_64-mingw32/nios2-elf/lib/mno-hw-mul\libc.a(lib_a-vfprintf.o)
 .text          0x0000000000023c5c        0x0 c:/altera/16.0/nios2eds/bin/gnu/h-x86_64-mingw32/bin/../lib/gcc/nios2-elf/5.2.0/../../../../../H-x86_64-mingw32/nios2-elf/lib/mno-hw-mul\libc.a(lib_a-vfscanf.o)
 .text.__svfscanf_r
                0x0000000000023c5c     0x198c c:/altera/16.0/nios2eds/bin/gnu/h-x86_64-mingw32/bin/../lib/gcc/nios2-elf/5.2.0/../../../../../H-x86_64-mingw32/nios2-elf/lib/mno-hw-mul\libc.a(lib_a-vfscanf.o)
                0x0000000000023c5c                __svfscanf_r
 .text.vfscanf  0x00000000000255e8       0x68 c:/altera/16.0/nios2eds/bin/gnu/h-x86_64-mingw32/bin/../lib/gcc/nios2-elf/5.2.0/../../../../../H-x86_64-mingw32/nios2-elf/lib/mno-hw-mul\libc.a(lib_a-vfscanf.o)
                0x00000000000255e8                vfscanf
 .text.__svfscanf
                0x0000000000025650       0x1c c:/altera/16.0/nios2eds/bin/gnu/h-x86_64-mingw32/bin/../lib/gcc/nios2-elf/5.2.0/../../../../../H-x86_64-mingw32/nios2-elf/lib/mno-hw-mul\libc.a(lib_a-vfscanf.o)
                0x0000000000025650                __svfscanf
 .text._vfscanf_r
                0x000000000002566c       0x4c c:/altera/16.0/nios2eds/bin/gnu/h-x86_64-mingw32/bin/../lib/gcc/nios2-elf/5.2.0/../../../../../H-x86_64-mingw32/nios2-elf/lib/mno-hw-mul\libc.a(lib_a-vfscanf.o)
                0x000000000002566c                _vfscanf_r
 .text          0x00000000000256b8        0x0 c:/altera/16.0/nios2eds/bin/gnu/h-x86_64-mingw32/bin/../lib/gcc/nios2-elf/5.2.0/../../../../../H-x86_64-mingw32/nios2-elf/lib/mno-hw-mul\libc.a(lib_a-wsetup.o)
 .text.__swsetup_r
                0x00000000000256b8      0x154 c:/altera/16.0/nios2eds/bin/gnu/h-x86_64-mingw32/bin/../lib/gcc/nios2-elf/5.2.0/../../../../../H-x86_64-mingw32/nios2-elf/lib/mno-hw-mul\libc.a(lib_a-wsetup.o)
                0x00000000000256b8                __swsetup_r
 .text          0x000000000002580c        0x0 c:/altera/16.0/nios2eds/bin/gnu/h-x86_64-mingw32/bin/../lib/gcc/nios2-elf/5.2.0/../../../../../H-x86_64-mingw32/nios2-elf/lib/mno-hw-mul\libc.a(lib_a-ctype_.o)
 .text          0x000000000002580c        0x0 c:/altera/16.0/nios2eds/bin/gnu/h-x86_64-mingw32/bin/../lib/gcc/nios2-elf/5.2.0/../../../../../H-x86_64-mingw32/nios2-elf/lib/mno-hw-mul\libc.a(lib_a-dtoa.o)
 .text.quorem   0x000000000002580c      0x228 c:/altera/16.0/nios2eds/bin/gnu/h-x86_64-mingw32/bin/../lib/gcc/nios2-elf/5.2.0/../../../../../H-x86_64-mingw32/nios2-elf/lib/mno-hw-mul\libc.a(lib_a-dtoa.o)
 .text._dtoa_r  0x0000000000025a34     0x1688 c:/altera/16.0/nios2eds/bin/gnu/h-x86_64-mingw32/bin/../lib/gcc/nios2-elf/5.2.0/../../../../../H-x86_64-mingw32/nios2-elf/lib/mno-hw-mul\libc.a(lib_a-dtoa.o)
                0x0000000000025a34                _dtoa_r
 .text          0x00000000000270bc        0x0 c:/altera/16.0/nios2eds/bin/gnu/h-x86_64-mingw32/bin/../lib/gcc/nios2-elf/5.2.0/../../../../../H-x86_64-mingw32/nios2-elf/lib/mno-hw-mul\libc.a(lib_a-fflush.o)
 .text.__sflush_r
                0x00000000000270bc      0x21c c:/altera/16.0/nios2eds/bin/gnu/h-x86_64-mingw32/bin/../lib/gcc/nios2-elf/5.2.0/../../../../../H-x86_64-mingw32/nios2-elf/lib/mno-hw-mul\libc.a(lib_a-fflush.o)
                0x00000000000270bc                __sflush_r
 .text._fflush_r
                0x00000000000272d8       0x5c c:/altera/16.0/nios2eds/bin/gnu/h-x86_64-mingw32/bin/../lib/gcc/nios2-elf/5.2.0/../../../../../H-x86_64-mingw32/nios2-elf/lib/mno-hw-mul\libc.a(lib_a-fflush.o)
                0x00000000000272d8                _fflush_r
 .text.fflush   0x0000000000027334       0x30 c:/altera/16.0/nios2eds/bin/gnu/h-x86_64-mingw32/bin/../lib/gcc/nios2-elf/5.2.0/../../../../../H-x86_64-mingw32/nios2-elf/lib/mno-hw-mul\libc.a(lib_a-fflush.o)
                0x0000000000027334                fflush
 .text          0x0000000000027364        0x0 c:/altera/16.0/nios2eds/bin/gnu/h-x86_64-mingw32/bin/../lib/gcc/nios2-elf/5.2.0/../../../../../H-x86_64-mingw32/nios2-elf/lib/mno-hw-mul\libc.a(lib_a-findfp.o)
 .text.__fp_unlock
                0x0000000000027364        0x8 c:/altera/16.0/nios2eds/bin/gnu/h-x86_64-mingw32/bin/../lib/gcc/nios2-elf/5.2.0/../../../../../H-x86_64-mingw32/nios2-elf/lib/mno-hw-mul\libc.a(lib_a-findfp.o)
 .text._cleanup_r
                0x000000000002736c        0xc c:/altera/16.0/nios2eds/bin/gnu/h-x86_64-mingw32/bin/../lib/gcc/nios2-elf/5.2.0/../../../../../H-x86_64-mingw32/nios2-elf/lib/mno-hw-mul\libc.a(lib_a-findfp.o)
                0x000000000002736c                _cleanup_r
 .text.__sinit.part.1
                0x0000000000027378      0x19c c:/altera/16.0/nios2eds/bin/gnu/h-x86_64-mingw32/bin/../lib/gcc/nios2-elf/5.2.0/../../../../../H-x86_64-mingw32/nios2-elf/lib/mno-hw-mul\libc.a(lib_a-findfp.o)
 .text.__fp_lock
                0x0000000000027514        0x8 c:/altera/16.0/nios2eds/bin/gnu/h-x86_64-mingw32/bin/../lib/gcc/nios2-elf/5.2.0/../../../../../H-x86_64-mingw32/nios2-elf/lib/mno-hw-mul\libc.a(lib_a-findfp.o)
 .text.__sfmoreglue
                0x000000000002751c       0x78 c:/altera/16.0/nios2eds/bin/gnu/h-x86_64-mingw32/bin/../lib/gcc/nios2-elf/5.2.0/../../../../../H-x86_64-mingw32/nios2-elf/lib/mno-hw-mul\libc.a(lib_a-findfp.o)
                0x000000000002751c                __sfmoreglue
 .text.__sfp    0x0000000000027594      0x118 c:/altera/16.0/nios2eds/bin/gnu/h-x86_64-mingw32/bin/../lib/gcc/nios2-elf/5.2.0/../../../../../H-x86_64-mingw32/nios2-elf/lib/mno-hw-mul\libc.a(lib_a-findfp.o)
                0x0000000000027594                __sfp
 .text._cleanup
                0x00000000000276ac       0x18 c:/altera/16.0/nios2eds/bin/gnu/h-x86_64-mingw32/bin/../lib/gcc/nios2-elf/5.2.0/../../../../../H-x86_64-mingw32/nios2-elf/lib/mno-hw-mul\libc.a(lib_a-findfp.o)
                0x00000000000276ac                _cleanup
 .text.__sinit  0x00000000000276c4       0x10 c:/altera/16.0/nios2eds/bin/gnu/h-x86_64-mingw32/bin/../lib/gcc/nios2-elf/5.2.0/../../../../../H-x86_64-mingw32/nios2-elf/lib/mno-hw-mul\libc.a(lib_a-findfp.o)
                0x00000000000276c4                __sinit
 .text.__sfp_lock_acquire
                0x00000000000276d4        0x4 c:/altera/16.0/nios2eds/bin/gnu/h-x86_64-mingw32/bin/../lib/gcc/nios2-elf/5.2.0/../../../../../H-x86_64-mingw32/nios2-elf/lib/mno-hw-mul\libc.a(lib_a-findfp.o)
                0x00000000000276d4                __sfp_lock_acquire
 .text.__sfp_lock_release
                0x00000000000276d8        0x4 c:/altera/16.0/nios2eds/bin/gnu/h-x86_64-mingw32/bin/../lib/gcc/nios2-elf/5.2.0/../../../../../H-x86_64-mingw32/nios2-elf/lib/mno-hw-mul\libc.a(lib_a-findfp.o)
                0x00000000000276d8                __sfp_lock_release
 .text.__sinit_lock_acquire
                0x00000000000276dc        0x4 c:/altera/16.0/nios2eds/bin/gnu/h-x86_64-mingw32/bin/../lib/gcc/nios2-elf/5.2.0/../../../../../H-x86_64-mingw32/nios2-elf/lib/mno-hw-mul\libc.a(lib_a-findfp.o)
                0x00000000000276dc                __sinit_lock_acquire
 .text.__sinit_lock_release
                0x00000000000276e0        0x4 c:/altera/16.0/nios2eds/bin/gnu/h-x86_64-mingw32/bin/../lib/gcc/nios2-elf/5.2.0/../../../../../H-x86_64-mingw32/nios2-elf/lib/mno-hw-mul\libc.a(lib_a-findfp.o)
                0x00000000000276e0                __sinit_lock_release
 .text.__fp_lock_all
                0x00000000000276e4       0x18 c:/altera/16.0/nios2eds/bin/gnu/h-x86_64-mingw32/bin/../lib/gcc/nios2-elf/5.2.0/../../../../../H-x86_64-mingw32/nios2-elf/lib/mno-hw-mul\libc.a(lib_a-findfp.o)
                0x00000000000276e4                __fp_lock_all
 .text.__fp_unlock_all
                0x00000000000276fc       0x18 c:/altera/16.0/nios2eds/bin/gnu/h-x86_64-mingw32/bin/../lib/gcc/nios2-elf/5.2.0/../../../../../H-x86_64-mingw32/nios2-elf/lib/mno-hw-mul\libc.a(lib_a-findfp.o)
                0x00000000000276fc                __fp_unlock_all
 .text          0x0000000000027714        0x0 c:/altera/16.0/nios2eds/bin/gnu/h-x86_64-mingw32/bin/../lib/gcc/nios2-elf/5.2.0/../../../../../H-x86_64-mingw32/nios2-elf/lib/mno-hw-mul\libc.a(lib_a-fread.o)
 .text._fread_r
                0x0000000000027714      0x23c c:/altera/16.0/nios2eds/bin/gnu/h-x86_64-mingw32/bin/../lib/gcc/nios2-elf/5.2.0/../../../../../H-x86_64-mingw32/nios2-elf/lib/mno-hw-mul\libc.a(lib_a-fread.o)
                0x0000000000027714                _fread_r
 .text.fread    0x0000000000027950       0x34 c:/altera/16.0/nios2eds/bin/gnu/h-x86_64-mingw32/bin/../lib/gcc/nios2-elf/5.2.0/../../../../../H-x86_64-mingw32/nios2-elf/lib/mno-hw-mul\libc.a(lib_a-fread.o)
                0x0000000000027950                fread
 .text          0x0000000000027984        0x0 c:/altera/16.0/nios2eds/bin/gnu/h-x86_64-mingw32/bin/../lib/gcc/nios2-elf/5.2.0/../../../../../H-x86_64-mingw32/nios2-elf/lib/mno-hw-mul\libc.a(lib_a-freer.o)
 .text._malloc_trim_r
                0x0000000000027984      0x124 c:/altera/16.0/nios2eds/bin/gnu/h-x86_64-mingw32/bin/../lib/gcc/nios2-elf/5.2.0/../../../../../H-x86_64-mingw32/nios2-elf/lib/mno-hw-mul\libc.a(lib_a-freer.o)
                0x0000000000027984                _malloc_trim_r
 .text._free_r  0x0000000000027aa8      0x310 c:/altera/16.0/nios2eds/bin/gnu/h-x86_64-mingw32/bin/../lib/gcc/nios2-elf/5.2.0/../../../../../H-x86_64-mingw32/nios2-elf/lib/mno-hw-mul\libc.a(lib_a-freer.o)
                0x0000000000027aa8                _free_r
 .text          0x0000000000027db8        0x0 c:/altera/16.0/nios2eds/bin/gnu/h-x86_64-mingw32/bin/../lib/gcc/nios2-elf/5.2.0/../../../../../H-x86_64-mingw32/nios2-elf/lib/mno-hw-mul\libc.a(lib_a-fvwrite.o)
 .text.__sfvwrite_r
                0x0000000000027db8      0x4c8 c:/altera/16.0/nios2eds/bin/gnu/h-x86_64-mingw32/bin/../lib/gcc/nios2-elf/5.2.0/../../../../../H-x86_64-mingw32/nios2-elf/lib/mno-hw-mul\libc.a(lib_a-fvwrite.o)
                0x0000000000027db8                __sfvwrite_r
 .text          0x0000000000028280        0x0 c:/altera/16.0/nios2eds/bin/gnu/h-x86_64-mingw32/bin/../lib/gcc/nios2-elf/5.2.0/../../../../../H-x86_64-mingw32/nios2-elf/lib/mno-hw-mul\libc.a(lib_a-fwalk.o)
 .text._fwalk   0x0000000000028280       0xc4 c:/altera/16.0/nios2eds/bin/gnu/h-x86_64-mingw32/bin/../lib/gcc/nios2-elf/5.2.0/../../../../../H-x86_64-mingw32/nios2-elf/lib/mno-hw-mul\libc.a(lib_a-fwalk.o)
                0x0000000000028280                _fwalk
 .text._fwalk_reent
                0x0000000000028344       0xc4 c:/altera/16.0/nios2eds/bin/gnu/h-x86_64-mingw32/bin/../lib/gcc/nios2-elf/5.2.0/../../../../../H-x86_64-mingw32/nios2-elf/lib/mno-hw-mul\libc.a(lib_a-fwalk.o)
                0x0000000000028344                _fwalk_reent
 .text          0x0000000000028408        0x0 c:/altera/16.0/nios2eds/bin/gnu/h-x86_64-mingw32/bin/../lib/gcc/nios2-elf/5.2.0/../../../../../H-x86_64-mingw32/nios2-elf/lib/mno-hw-mul\libc.a(lib_a-iswspace.o)
 .text.iswspace
                0x0000000000028408       0x30 c:/altera/16.0/nios2eds/bin/gnu/h-x86_64-mingw32/bin/../lib/gcc/nios2-elf/5.2.0/../../../../../H-x86_64-mingw32/nios2-elf/lib/mno-hw-mul\libc.a(lib_a-iswspace.o)
                0x0000000000028408                iswspace
 .text          0x0000000000028438        0x0 c:/altera/16.0/nios2eds/bin/gnu/h-x86_64-mingw32/bin/../lib/gcc/nios2-elf/5.2.0/../../../../../H-x86_64-mingw32/nios2-elf/lib/mno-hw-mul\libc.a(lib_a-locale.o)
 .text._setlocale_r
                0x0000000000028438       0x7c c:/altera/16.0/nios2eds/bin/gnu/h-x86_64-mingw32/bin/../lib/gcc/nios2-elf/5.2.0/../../../../../H-x86_64-mingw32/nios2-elf/lib/mno-hw-mul\libc.a(lib_a-locale.o)
                0x0000000000028438                _setlocale_r
 .text.__locale_charset
                0x00000000000284b4        0xc c:/altera/16.0/nios2eds/bin/gnu/h-x86_64-mingw32/bin/../lib/gcc/nios2-elf/5.2.0/../../../../../H-x86_64-mingw32/nios2-elf/lib/mno-hw-mul\libc.a(lib_a-locale.o)
                0x00000000000284b4                __locale_charset
 .text.__locale_mb_cur_max
                0x00000000000284c0       0x10 c:/altera/16.0/nios2eds/bin/gnu/h-x86_64-mingw32/bin/../lib/gcc/nios2-elf/5.2.0/../../../../../H-x86_64-mingw32/nios2-elf/lib/mno-hw-mul\libc.a(lib_a-locale.o)
                0x00000000000284c0                __locale_mb_cur_max
 .text.__locale_msgcharset
                0x00000000000284d0        0xc c:/altera/16.0/nios2eds/bin/gnu/h-x86_64-mingw32/bin/../lib/gcc/nios2-elf/5.2.0/../../../../../H-x86_64-mingw32/nios2-elf/lib/mno-hw-mul\libc.a(lib_a-locale.o)
                0x00000000000284d0                __locale_msgcharset
 .text.__locale_cjk_lang
                0x00000000000284dc        0x8 c:/altera/16.0/nios2eds/bin/gnu/h-x86_64-mingw32/bin/../lib/gcc/nios2-elf/5.2.0/../../../../../H-x86_64-mingw32/nios2-elf/lib/mno-hw-mul\libc.a(lib_a-locale.o)
                0x00000000000284dc                __locale_cjk_lang
 .text._localeconv_r
                0x00000000000284e4        0xc c:/altera/16.0/nios2eds/bin/gnu/h-x86_64-mingw32/bin/../lib/gcc/nios2-elf/5.2.0/../../../../../H-x86_64-mingw32/nios2-elf/lib/mno-hw-mul\libc.a(lib_a-locale.o)
                0x00000000000284e4                _localeconv_r
 .text.setlocale
                0x00000000000284f0       0x18 c:/altera/16.0/nios2eds/bin/gnu/h-x86_64-mingw32/bin/../lib/gcc/nios2-elf/5.2.0/../../../../../H-x86_64-mingw32/nios2-elf/lib/mno-hw-mul\libc.a(lib_a-locale.o)
                0x00000000000284f0                setlocale
 .text.localeconv
                0x0000000000028508        0xc c:/altera/16.0/nios2eds/bin/gnu/h-x86_64-mingw32/bin/../lib/gcc/nios2-elf/5.2.0/../../../../../H-x86_64-mingw32/nios2-elf/lib/mno-hw-mul\libc.a(lib_a-locale.o)
                0x0000000000028508                localeconv
 .text          0x0000000000028514        0x0 c:/altera/16.0/nios2eds/bin/gnu/h-x86_64-mingw32/bin/../lib/gcc/nios2-elf/5.2.0/../../../../../H-x86_64-mingw32/nios2-elf/lib/mno-hw-mul\libc.a(lib_a-makebuf.o)
 .text.__smakebuf_r
                0x0000000000028514      0x1bc c:/altera/16.0/nios2eds/bin/gnu/h-x86_64-mingw32/bin/../lib/gcc/nios2-elf/5.2.0/../../../../../H-x86_64-mingw32/nios2-elf/lib/mno-hw-mul\libc.a(lib_a-makebuf.o)
                0x0000000000028514                __smakebuf_r
 .text          0x00000000000286d0        0x0 c:/altera/16.0/nios2eds/bin/gnu/h-x86_64-mingw32/bin/../lib/gcc/nios2-elf/5.2.0/../../../../../H-x86_64-mingw32/nios2-elf/lib/mno-hw-mul\libc.a(lib_a-mallocr.o)
 .text._malloc_r
                0x00000000000286d0      0x80c c:/altera/16.0/nios2eds/bin/gnu/h-x86_64-mingw32/bin/../lib/gcc/nios2-elf/5.2.0/../../../../../H-x86_64-mingw32/nios2-elf/lib/mno-hw-mul\libc.a(lib_a-mallocr.o)
                0x00000000000286d0                _malloc_r
 .text          0x0000000000028edc        0x0 c:/altera/16.0/nios2eds/bin/gnu/h-x86_64-mingw32/bin/../lib/gcc/nios2-elf/5.2.0/../../../../../H-x86_64-mingw32/nios2-elf/lib/mno-hw-mul\libc.a(lib_a-mbrtowc.o)
 .text._mbrtowc_r
                0x0000000000028edc       0xac c:/altera/16.0/nios2eds/bin/gnu/h-x86_64-mingw32/bin/../lib/gcc/nios2-elf/5.2.0/../../../../../H-x86_64-mingw32/nios2-elf/lib/mno-hw-mul\libc.a(lib_a-mbrtowc.o)
                0x0000000000028edc                _mbrtowc_r
 .text.mbrtowc  0x0000000000028f88       0xd8 c:/altera/16.0/nios2eds/bin/gnu/h-x86_64-mingw32/bin/../lib/gcc/nios2-elf/5.2.0/../../../../../H-x86_64-mingw32/nios2-elf/lib/mno-hw-mul\libc.a(lib_a-mbrtowc.o)
                0x0000000000028f88                mbrtowc
 .text          0x0000000000029060        0x0 c:/altera/16.0/nios2eds/bin/gnu/h-x86_64-mingw32/bin/../lib/gcc/nios2-elf/5.2.0/../../../../../H-x86_64-mingw32/nios2-elf/lib/mno-hw-mul\libc.a(lib_a-mbtowc_r.o)
 .text.__ascii_mbtowc
                0x0000000000029060       0x44 c:/altera/16.0/nios2eds/bin/gnu/h-x86_64-mingw32/bin/../lib/gcc/nios2-elf/5.2.0/../../../../../H-x86_64-mingw32/nios2-elf/lib/mno-hw-mul\libc.a(lib_a-mbtowc_r.o)
                0x0000000000029060                __ascii_mbtowc
 .text._mbtowc_r
                0x00000000000290a4       0x5c c:/altera/16.0/nios2eds/bin/gnu/h-x86_64-mingw32/bin/../lib/gcc/nios2-elf/5.2.0/../../../../../H-x86_64-mingw32/nios2-elf/lib/mno-hw-mul\libc.a(lib_a-mbtowc_r.o)
                0x00000000000290a4                _mbtowc_r
 .text          0x0000000000029100        0x0 c:/altera/16.0/nios2eds/bin/gnu/h-x86_64-mingw32/bin/../lib/gcc/nios2-elf/5.2.0/../../../../../H-x86_64-mingw32/nios2-elf/lib/mno-hw-mul\libc.a(lib_a-memchr.o)
 .text.memchr   0x0000000000029100       0xe4 c:/altera/16.0/nios2eds/bin/gnu/h-x86_64-mingw32/bin/../lib/gcc/nios2-elf/5.2.0/../../../../../H-x86_64-mingw32/nios2-elf/lib/mno-hw-mul\libc.a(lib_a-memchr.o)
                0x0000000000029100                memchr
 .text          0x00000000000291e4        0x0 c:/altera/16.0/nios2eds/bin/gnu/h-x86_64-mingw32/bin/../lib/gcc/nios2-elf/5.2.0/../../../../../H-x86_64-mingw32/nios2-elf/lib/mno-hw-mul\libc.a(lib_a-memcpy.o)
 .text.memcpy   0x00000000000291e4      0x148 c:/altera/16.0/nios2eds/bin/gnu/h-x86_64-mingw32/bin/../lib/gcc/nios2-elf/5.2.0/../../../../../H-x86_64-mingw32/nios2-elf/lib/mno-hw-mul\libc.a(lib_a-memcpy.o)
                0x00000000000291e4                memcpy
 .text          0x000000000002932c        0x0 c:/altera/16.0/nios2eds/bin/gnu/h-x86_64-mingw32/bin/../lib/gcc/nios2-elf/5.2.0/../../../../../H-x86_64-mingw32/nios2-elf/lib/mno-hw-mul\libc.a(lib_a-memmove.o)
 .text.memmove  0x000000000002932c      0x15c c:/altera/16.0/nios2eds/bin/gnu/h-x86_64-mingw32/bin/../lib/gcc/nios2-elf/5.2.0/../../../../../H-x86_64-mingw32/nios2-elf/lib/mno-hw-mul\libc.a(lib_a-memmove.o)
                0x000000000002932c                memmove
 .text          0x0000000000029488        0x0 c:/altera/16.0/nios2eds/bin/gnu/h-x86_64-mingw32/bin/../lib/gcc/nios2-elf/5.2.0/../../../../../H-x86_64-mingw32/nios2-elf/lib/mno-hw-mul\libc.a(lib_a-memset.o)
 .text.memset   0x0000000000029488      0x128 c:/altera/16.0/nios2eds/bin/gnu/h-x86_64-mingw32/bin/../lib/gcc/nios2-elf/5.2.0/../../../../../H-x86_64-mingw32/nios2-elf/lib/mno-hw-mul\libc.a(lib_a-memset.o)
                0x0000000000029488                memset
 .text          0x00000000000295b0        0x0 c:/altera/16.0/nios2eds/bin/gnu/h-x86_64-mingw32/bin/../lib/gcc/nios2-elf/5.2.0/../../../../../H-x86_64-mingw32/nios2-elf/lib/mno-hw-mul\libc.a(lib_a-mprec.o)
 .text._Balloc  0x00000000000295b0       0xa8 c:/altera/16.0/nios2eds/bin/gnu/h-x86_64-mingw32/bin/../lib/gcc/nios2-elf/5.2.0/../../../../../H-x86_64-mingw32/nios2-elf/lib/mno-hw-mul\libc.a(lib_a-mprec.o)
                0x00000000000295b0                _Balloc
 .text._Bfree   0x0000000000029658       0x28 c:/altera/16.0/nios2eds/bin/gnu/h-x86_64-mingw32/bin/../lib/gcc/nios2-elf/5.2.0/../../../../../H-x86_64-mingw32/nios2-elf/lib/mno-hw-mul\libc.a(lib_a-mprec.o)
                0x0000000000029658                _Bfree
 .text.__multadd
                0x0000000000029680      0x148 c:/altera/16.0/nios2eds/bin/gnu/h-x86_64-mingw32/bin/../lib/gcc/nios2-elf/5.2.0/../../../../../H-x86_64-mingw32/nios2-elf/lib/mno-hw-mul\libc.a(lib_a-mprec.o)
                0x0000000000029680                __multadd
 .text.__s2b    0x00000000000297c8      0x104 c:/altera/16.0/nios2eds/bin/gnu/h-x86_64-mingw32/bin/../lib/gcc/nios2-elf/5.2.0/../../../../../H-x86_64-mingw32/nios2-elf/lib/mno-hw-mul\libc.a(lib_a-mprec.o)
                0x00000000000297c8                __s2b
 .text.__hi0bits
                0x00000000000298cc       0x68 c:/altera/16.0/nios2eds/bin/gnu/h-x86_64-mingw32/bin/../lib/gcc/nios2-elf/5.2.0/../../../../../H-x86_64-mingw32/nios2-elf/lib/mno-hw-mul\libc.a(lib_a-mprec.o)
                0x00000000000298cc                __hi0bits
 .text.__lo0bits
                0x0000000000029934       0xb0 c:/altera/16.0/nios2eds/bin/gnu/h-x86_64-mingw32/bin/../lib/gcc/nios2-elf/5.2.0/../../../../../H-x86_64-mingw32/nios2-elf/lib/mno-hw-mul\libc.a(lib_a-mprec.o)
                0x0000000000029934                __lo0bits
 .text.__i2b    0x00000000000299e4       0x3c c:/altera/16.0/nios2eds/bin/gnu/h-x86_64-mingw32/bin/../lib/gcc/nios2-elf/5.2.0/../../../../../H-x86_64-mingw32/nios2-elf/lib/mno-hw-mul\libc.a(lib_a-mprec.o)
                0x00000000000299e4                __i2b
 .text.__multiply
                0x0000000000029a20      0x28c c:/altera/16.0/nios2eds/bin/gnu/h-x86_64-mingw32/bin/../lib/gcc/nios2-elf/5.2.0/../../../../../H-x86_64-mingw32/nios2-elf/lib/mno-hw-mul\libc.a(lib_a-mprec.o)
                0x0000000000029a20                __multiply
 .text.__pow5mult
                0x0000000000029cac      0x140 c:/altera/16.0/nios2eds/bin/gnu/h-x86_64-mingw32/bin/../lib/gcc/nios2-elf/5.2.0/../../../../../H-x86_64-mingw32/nios2-elf/lib/mno-hw-mul\libc.a(lib_a-mprec.o)
                0x0000000000029cac                __pow5mult
 .text.__lshift
                0x0000000000029dec      0x148 c:/altera/16.0/nios2eds/bin/gnu/h-x86_64-mingw32/bin/../lib/gcc/nios2-elf/5.2.0/../../../../../H-x86_64-mingw32/nios2-elf/lib/mno-hw-mul\libc.a(lib_a-mprec.o)
                0x0000000000029dec                __lshift
 .text.__mcmp   0x0000000000029f34       0x60 c:/altera/16.0/nios2eds/bin/gnu/h-x86_64-mingw32/bin/../lib/gcc/nios2-elf/5.2.0/../../../../../H-x86_64-mingw32/nios2-elf/lib/mno-hw-mul\libc.a(lib_a-mprec.o)
                0x0000000000029f34                __mcmp
 .text.__mdiff  0x0000000000029f94      0x1fc c:/altera/16.0/nios2eds/bin/gnu/h-x86_64-mingw32/bin/../lib/gcc/nios2-elf/5.2.0/../../../../../H-x86_64-mingw32/nios2-elf/lib/mno-hw-mul\libc.a(lib_a-mprec.o)
                0x0000000000029f94                __mdiff
 .text.__ulp    0x000000000002a190       0x64 c:/altera/16.0/nios2eds/bin/gnu/h-x86_64-mingw32/bin/../lib/gcc/nios2-elf/5.2.0/../../../../../H-x86_64-mingw32/nios2-elf/lib/mno-hw-mul\libc.a(lib_a-mprec.o)
                0x000000000002a190                __ulp
 .text.__b2d    0x000000000002a1f4      0x10c c:/altera/16.0/nios2eds/bin/gnu/h-x86_64-mingw32/bin/../lib/gcc/nios2-elf/5.2.0/../../../../../H-x86_64-mingw32/nios2-elf/lib/mno-hw-mul\libc.a(lib_a-mprec.o)
                0x000000000002a1f4                __b2d
 .text.__d2b    0x000000000002a300      0x14c c:/altera/16.0/nios2eds/bin/gnu/h-x86_64-mingw32/bin/../lib/gcc/nios2-elf/5.2.0/../../../../../H-x86_64-mingw32/nios2-elf/lib/mno-hw-mul\libc.a(lib_a-mprec.o)
                0x000000000002a300                __d2b
 .text.__ratio  0x000000000002a44c       0xa4 c:/altera/16.0/nios2eds/bin/gnu/h-x86_64-mingw32/bin/../lib/gcc/nios2-elf/5.2.0/../../../../../H-x86_64-mingw32/nios2-elf/lib/mno-hw-mul\libc.a(lib_a-mprec.o)
                0x000000000002a44c                __ratio
 .text._mprec_log10
                0x000000000002a4f0       0x74 c:/altera/16.0/nios2eds/bin/gnu/h-x86_64-mingw32/bin/../lib/gcc/nios2-elf/5.2.0/../../../../../H-x86_64-mingw32/nios2-elf/lib/mno-hw-mul\libc.a(lib_a-mprec.o)
                0x000000000002a4f0                _mprec_log10
 .text.__copybits
                0x000000000002a564       0x78 c:/altera/16.0/nios2eds/bin/gnu/h-x86_64-mingw32/bin/../lib/gcc/nios2-elf/5.2.0/../../../../../H-x86_64-mingw32/nios2-elf/lib/mno-hw-mul\libc.a(lib_a-mprec.o)
                0x000000000002a564                __copybits
 .text.__any_on
                0x000000000002a5dc       0x8c c:/altera/16.0/nios2eds/bin/gnu/h-x86_64-mingw32/bin/../lib/gcc/nios2-elf/5.2.0/../../../../../H-x86_64-mingw32/nios2-elf/lib/mno-hw-mul\libc.a(lib_a-mprec.o)
                0x000000000002a5dc                __any_on
 .text          0x000000000002a668        0x0 c:/altera/16.0/nios2eds/bin/gnu/h-x86_64-mingw32/bin/../lib/gcc/nios2-elf/5.2.0/../../../../../H-x86_64-mingw32/nios2-elf/lib/mno-hw-mul\libc.a(lib_a-putc.o)
 .text._putc_r  0x000000000002a668       0xa0 c:/altera/16.0/nios2eds/bin/gnu/h-x86_64-mingw32/bin/../lib/gcc/nios2-elf/5.2.0/../../../../../H-x86_64-mingw32/nios2-elf/lib/mno-hw-mul\libc.a(lib_a-putc.o)
                0x000000000002a668                _putc_r
 .text.putc     0x000000000002a708       0xc8 c:/altera/16.0/nios2eds/bin/gnu/h-x86_64-mingw32/bin/../lib/gcc/nios2-elf/5.2.0/../../../../../H-x86_64-mingw32/nios2-elf/lib/mno-hw-mul\libc.a(lib_a-putc.o)
                0x000000000002a708                putc
 .text          0x000000000002a7d0        0x0 c:/altera/16.0/nios2eds/bin/gnu/h-x86_64-mingw32/bin/../lib/gcc/nios2-elf/5.2.0/../../../../../H-x86_64-mingw32/nios2-elf/lib/mno-hw-mul\libc.a(lib_a-reallocr.o)
 .text._realloc_r
                0x000000000002a7d0      0x564 c:/altera/16.0/nios2eds/bin/gnu/h-x86_64-mingw32/bin/../lib/gcc/nios2-elf/5.2.0/../../../../../H-x86_64-mingw32/nios2-elf/lib/mno-hw-mul\libc.a(lib_a-reallocr.o)
                0x000000000002a7d0                _realloc_r
 .text          0x000000000002ad34        0x0 c:/altera/16.0/nios2eds/bin/gnu/h-x86_64-mingw32/bin/../lib/gcc/nios2-elf/5.2.0/../../../../../H-x86_64-mingw32/nios2-elf/lib/mno-hw-mul\libc.a(lib_a-refill.o)
 .text.lflush   0x000000000002ad34       0x1c c:/altera/16.0/nios2eds/bin/gnu/h-x86_64-mingw32/bin/../lib/gcc/nios2-elf/5.2.0/../../../../../H-x86_64-mingw32/nios2-elf/lib/mno-hw-mul\libc.a(lib_a-refill.o)
 .text.__srefill_r
                0x000000000002ad50      0x1d4 c:/altera/16.0/nios2eds/bin/gnu/h-x86_64-mingw32/bin/../lib/gcc/nios2-elf/5.2.0/../../../../../H-x86_64-mingw32/nios2-elf/lib/mno-hw-mul\libc.a(lib_a-refill.o)
                0x000000000002ad50                __srefill_r
 .text          0x000000000002af24        0x0 c:/altera/16.0/nios2eds/bin/gnu/h-x86_64-mingw32/bin/../lib/gcc/nios2-elf/5.2.0/../../../../../H-x86_64-mingw32/nios2-elf/lib/mno-hw-mul\libc.a(lib_a-s_fpclassify.o)
 .text.__fpclassifyd
                0x000000000002af24       0x74 c:/altera/16.0/nios2eds/bin/gnu/h-x86_64-mingw32/bin/../lib/gcc/nios2-elf/5.2.0/../../../../../H-x86_64-mingw32/nios2-elf/lib/mno-hw-mul\libc.a(lib_a-s_fpclassify.o)
                0x000000000002af24                __fpclassifyd
 .text          0x000000000002af98        0x0 c:/altera/16.0/nios2eds/bin/gnu/h-x86_64-mingw32/bin/../lib/gcc/nios2-elf/5.2.0/../../../../../H-x86_64-mingw32/nios2-elf/lib/mno-hw-mul\libc.a(lib_a-sbrkr.o)
 .text._sbrk_r  0x000000000002af98       0x54 c:/altera/16.0/nios2eds/bin/gnu/h-x86_64-mingw32/bin/../lib/gcc/nios2-elf/5.2.0/../../../../../H-x86_64-mingw32/nios2-elf/lib/mno-hw-mul\libc.a(lib_a-sbrkr.o)
                0x000000000002af98                _sbrk_r
 .text          0x000000000002afec        0x0 c:/altera/16.0/nios2eds/bin/gnu/h-x86_64-mingw32/bin/../lib/gcc/nios2-elf/5.2.0/../../../../../H-x86_64-mingw32/nios2-elf/lib/mno-hw-mul\libc.a(lib_a-sccl.o)
 .text.__sccl   0x000000000002afec       0xd0 c:/altera/16.0/nios2eds/bin/gnu/h-x86_64-mingw32/bin/../lib/gcc/nios2-elf/5.2.0/../../../../../H-x86_64-mingw32/nios2-elf/lib/mno-hw-mul\libc.a(lib_a-sccl.o)
                0x000000000002afec                __sccl
 .text          0x000000000002b0bc        0x0 c:/altera/16.0/nios2eds/bin/gnu/h-x86_64-mingw32/bin/../lib/gcc/nios2-elf/5.2.0/../../../../../H-x86_64-mingw32/nios2-elf/lib/mno-hw-mul\libc.a(lib_a-sf_nan.o)
 .text.nanf     0x000000000002b0bc        0x8 c:/altera/16.0/nios2eds/bin/gnu/h-x86_64-mingw32/bin/../lib/gcc/nios2-elf/5.2.0/../../../../../H-x86_64-mingw32/nios2-elf/lib/mno-hw-mul\libc.a(lib_a-sf_nan.o)
                0x000000000002b0bc                nanf
 .text          0x000000000002b0c4        0x0 c:/altera/16.0/nios2eds/bin/gnu/h-x86_64-mingw32/bin/../lib/gcc/nios2-elf/5.2.0/../../../../../H-x86_64-mingw32/nios2-elf/lib/mno-hw-mul\libc.a(lib_a-sprintf.o)
 .text._sprintf_r
                0x000000000002b0c4       0x58 c:/altera/16.0/nios2eds/bin/gnu/h-x86_64-mingw32/bin/../lib/gcc/nios2-elf/5.2.0/../../../../../H-x86_64-mingw32/nios2-elf/lib/mno-hw-mul\libc.a(lib_a-sprintf.o)
                0x000000000002b0c4                _sprintf_r
 .text.sprintf  0x000000000002b11c       0x6c c:/altera/16.0/nios2eds/bin/gnu/h-x86_64-mingw32/bin/../lib/gcc/nios2-elf/5.2.0/../../../../../H-x86_64-mingw32/nios2-elf/lib/mno-hw-mul\libc.a(lib_a-sprintf.o)
                0x000000000002b11c                sprintf
 .text          0x000000000002b188        0x0 c:/altera/16.0/nios2eds/bin/gnu/h-x86_64-mingw32/bin/../lib/gcc/nios2-elf/5.2.0/../../../../../H-x86_64-mingw32/nios2-elf/lib/mno-hw-mul\libc.a(lib_a-stdio.o)
 .text.__sread  0x000000000002b188       0x54 c:/altera/16.0/nios2eds/bin/gnu/h-x86_64-mingw32/bin/../lib/gcc/nios2-elf/5.2.0/../../../../../H-x86_64-mingw32/nios2-elf/lib/mno-hw-mul\libc.a(lib_a-stdio.o)
                0x000000000002b188                __sread
 .text.__seofread
                0x000000000002b1dc        0x8 c:/altera/16.0/nios2eds/bin/gnu/h-x86_64-mingw32/bin/../lib/gcc/nios2-elf/5.2.0/../../../../../H-x86_64-mingw32/nios2-elf/lib/mno-hw-mul\libc.a(lib_a-stdio.o)
                0x000000000002b1dc                __seofread
 .text.__swrite
                0x000000000002b1e4       0x7c c:/altera/16.0/nios2eds/bin/gnu/h-x86_64-mingw32/bin/../lib/gcc/nios2-elf/5.2.0/../../../../../H-x86_64-mingw32/nios2-elf/lib/mno-hw-mul\libc.a(lib_a-stdio.o)
                0x000000000002b1e4                __swrite
 .text.__sseek  0x000000000002b260       0x5c c:/altera/16.0/nios2eds/bin/gnu/h-x86_64-mingw32/bin/../lib/gcc/nios2-elf/5.2.0/../../../../../H-x86_64-mingw32/nios2-elf/lib/mno-hw-mul\libc.a(lib_a-stdio.o)
                0x000000000002b260                __sseek
 .text.__sclose
                0x000000000002b2bc        0x8 c:/altera/16.0/nios2eds/bin/gnu/h-x86_64-mingw32/bin/../lib/gcc/nios2-elf/5.2.0/../../../../../H-x86_64-mingw32/nios2-elf/lib/mno-hw-mul\libc.a(lib_a-stdio.o)
                0x000000000002b2bc                __sclose
 .text          0x000000000002b2c4        0x0 c:/altera/16.0/nios2eds/bin/gnu/h-x86_64-mingw32/bin/../lib/gcc/nios2-elf/5.2.0/../../../../../H-x86_64-mingw32/nios2-elf/lib/mno-hw-mul\libc.a(lib_a-strcmp.o)
 .text.strcmp   0x000000000002b2c4       0xdc c:/altera/16.0/nios2eds/bin/gnu/h-x86_64-mingw32/bin/../lib/gcc/nios2-elf/5.2.0/../../../../../H-x86_64-mingw32/nios2-elf/lib/mno-hw-mul\libc.a(lib_a-strcmp.o)
                0x000000000002b2c4                strcmp
 .text          0x000000000002b3a0        0x0 c:/altera/16.0/nios2eds/bin/gnu/h-x86_64-mingw32/bin/../lib/gcc/nios2-elf/5.2.0/../../../../../H-x86_64-mingw32/nios2-elf/lib/mno-hw-mul\libc.a(lib_a-strtod.o)
 .text.sulp     0x000000000002b3a0       0x64 c:/altera/16.0/nios2eds/bin/gnu/h-x86_64-mingw32/bin/../lib/gcc/nios2-elf/5.2.0/../../../../../H-x86_64-mingw32/nios2-elf/lib/mno-hw-mul\libc.a(lib_a-strtod.o)
 .text._strtod_r
                0x000000000002b404     0x15e4 c:/altera/16.0/nios2eds/bin/gnu/h-x86_64-mingw32/bin/../lib/gcc/nios2-elf/5.2.0/../../../../../H-x86_64-mingw32/nios2-elf/lib/mno-hw-mul\libc.a(lib_a-strtod.o)
                0x000000000002b404                _strtod_r
 .text.strtod   0x000000000002c9e8       0x18 c:/altera/16.0/nios2eds/bin/gnu/h-x86_64-mingw32/bin/../lib/gcc/nios2-elf/5.2.0/../../../../../H-x86_64-mingw32/nios2-elf/lib/mno-hw-mul\libc.a(lib_a-strtod.o)
                0x000000000002c9e8                strtod
 .text.strtof   0x000000000002ca00      0x100 c:/altera/16.0/nios2eds/bin/gnu/h-x86_64-mingw32/bin/../lib/gcc/nios2-elf/5.2.0/../../../../../H-x86_64-mingw32/nios2-elf/lib/mno-hw-mul\libc.a(lib_a-strtod.o)
                0x000000000002ca00                strtof
 .text          0x000000000002cb00        0x0 c:/altera/16.0/nios2eds/bin/gnu/h-x86_64-mingw32/bin/../lib/gcc/nios2-elf/5.2.0/../../../../../H-x86_64-mingw32/nios2-elf/lib/mno-hw-mul\libc.a(lib_a-strtol.o)
 .text._strtol_r
                0x000000000002cb00      0x258 c:/altera/16.0/nios2eds/bin/gnu/h-x86_64-mingw32/bin/../lib/gcc/nios2-elf/5.2.0/../../../../../H-x86_64-mingw32/nios2-elf/lib/mno-hw-mul\libc.a(lib_a-strtol.o)
                0x000000000002cb00                _strtol_r
 .text.strtol   0x000000000002cd58       0x1c c:/altera/16.0/nios2eds/bin/gnu/h-x86_64-mingw32/bin/../lib/gcc/nios2-elf/5.2.0/../../../../../H-x86_64-mingw32/nios2-elf/lib/mno-hw-mul\libc.a(lib_a-strtol.o)
                0x000000000002cd58                strtol
 .text          0x000000000002cd74        0x0 c:/altera/16.0/nios2eds/bin/gnu/h-x86_64-mingw32/bin/../lib/gcc/nios2-elf/5.2.0/../../../../../H-x86_64-mingw32/nios2-elf/lib/mno-hw-mul\libc.a(lib_a-strtoll_r.o)
 .text._strtoll_r
                0x000000000002cd74      0x304 c:/altera/16.0/nios2eds/bin/gnu/h-x86_64-mingw32/bin/../lib/gcc/nios2-elf/5.2.0/../../../../../H-x86_64-mingw32/nios2-elf/lib/mno-hw-mul\libc.a(lib_a-strtoll_r.o)
                0x000000000002cd74                _strtoll_r
 .text          0x000000000002d078        0x0 c:/altera/16.0/nios2eds/bin/gnu/h-x86_64-mingw32/bin/../lib/gcc/nios2-elf/5.2.0/../../../../../H-x86_64-mingw32/nios2-elf/lib/mno-hw-mul\libc.a(lib_a-strtoul.o)
 .text._strtoul_r
                0x000000000002d078      0x278 c:/altera/16.0/nios2eds/bin/gnu/h-x86_64-mingw32/bin/../lib/gcc/nios2-elf/5.2.0/../../../../../H-x86_64-mingw32/nios2-elf/lib/mno-hw-mul\libc.a(lib_a-strtoul.o)
                0x000000000002d078                _strtoul_r
 .text.strtoul  0x000000000002d2f0       0x1c c:/altera/16.0/nios2eds/bin/gnu/h-x86_64-mingw32/bin/../lib/gcc/nios2-elf/5.2.0/../../../../../H-x86_64-mingw32/nios2-elf/lib/mno-hw-mul\libc.a(lib_a-strtoul.o)
                0x000000000002d2f0                strtoul
 .text          0x000000000002d30c        0x0 c:/altera/16.0/nios2eds/bin/gnu/h-x86_64-mingw32/bin/../lib/gcc/nios2-elf/5.2.0/../../../../../H-x86_64-mingw32/nios2-elf/lib/mno-hw-mul\libc.a(lib_a-strtoull_r.o)
 .text._strtoull_r
                0x000000000002d30c      0x320 c:/altera/16.0/nios2eds/bin/gnu/h-x86_64-mingw32/bin/../lib/gcc/nios2-elf/5.2.0/../../../../../H-x86_64-mingw32/nios2-elf/lib/mno-hw-mul\libc.a(lib_a-strtoull_r.o)
                0x000000000002d30c                _strtoull_r
 .text          0x000000000002d62c        0x0 c:/altera/16.0/nios2eds/bin/gnu/h-x86_64-mingw32/bin/../lib/gcc/nios2-elf/5.2.0/../../../../../H-x86_64-mingw32/nios2-elf/lib/mno-hw-mul\libc.a(lib_a-svfprintf.o)
 .text.___svfprintf_internal_r
                0x000000000002d62c     0x22bc c:/altera/16.0/nios2eds/bin/gnu/h-x86_64-mingw32/bin/../lib/gcc/nios2-elf/5.2.0/../../../../../H-x86_64-mingw32/nios2-elf/lib/mno-hw-mul\libc.a(lib_a-svfprintf.o)
                0x000000000002d62c                ___svfprintf_internal_r
 .text          0x000000000002f8e8        0x0 c:/altera/16.0/nios2eds/bin/gnu/h-x86_64-mingw32/bin/../lib/gcc/nios2-elf/5.2.0/../../../../../H-x86_64-mingw32/nios2-elf/lib/mno-hw-mul\libc.a(lib_a-ungetc.o)
 .text.__submore
                0x000000000002f8e8       0xd4 c:/altera/16.0/nios2eds/bin/gnu/h-x86_64-mingw32/bin/../lib/gcc/nios2-elf/5.2.0/../../../../../H-x86_64-mingw32/nios2-elf/lib/mno-hw-mul\libc.a(lib_a-ungetc.o)
                0x000000000002f8e8                __submore
 .text._ungetc_r
                0x000000000002f9bc      0x194 c:/altera/16.0/nios2eds/bin/gnu/h-x86_64-mingw32/bin/../lib/gcc/nios2-elf/5.2.0/../../../../../H-x86_64-mingw32/nios2-elf/lib/mno-hw-mul\libc.a(lib_a-ungetc.o)
                0x000000000002f9bc                _ungetc_r
 .text.ungetc   0x000000000002fb50       0x18 c:/altera/16.0/nios2eds/bin/gnu/h-x86_64-mingw32/bin/../lib/gcc/nios2-elf/5.2.0/../../../../../H-x86_64-mingw32/nios2-elf/lib/mno-hw-mul\libc.a(lib_a-ungetc.o)
                0x000000000002fb50                ungetc
 .text          0x000000000002fb68        0x0 c:/altera/16.0/nios2eds/bin/gnu/h-x86_64-mingw32/bin/../lib/gcc/nios2-elf/5.2.0/../../../../../H-x86_64-mingw32/nios2-elf/lib/mno-hw-mul\libc.a(lib_a-vfiprintf.o)
 .text.__sprint_r.part.0
                0x000000000002fb68       0xfc c:/altera/16.0/nios2eds/bin/gnu/h-x86_64-mingw32/bin/../lib/gcc/nios2-elf/5.2.0/../../../../../H-x86_64-mingw32/nios2-elf/lib/mno-hw-mul\libc.a(lib_a-vfiprintf.o)
 .text.__sprint_r
                0x000000000002fc64       0x18 c:/altera/16.0/nios2eds/bin/gnu/h-x86_64-mingw32/bin/../lib/gcc/nios2-elf/5.2.0/../../../../../H-x86_64-mingw32/nios2-elf/lib/mno-hw-mul\libc.a(lib_a-vfiprintf.o)
                0x000000000002fc64                __sprint_r
 .text.___vfiprintf_internal_r
                0x000000000002fc7c     0x150c c:/altera/16.0/nios2eds/bin/gnu/h-x86_64-mingw32/bin/../lib/gcc/nios2-elf/5.2.0/../../../../../H-x86_64-mingw32/nios2-elf/lib/mno-hw-mul\libc.a(lib_a-vfiprintf.o)
                0x000000000002fc7c                ___vfiprintf_internal_r
 .text.__vfiprintf_internal
                0x0000000000031188       0x1c c:/altera/16.0/nios2eds/bin/gnu/h-x86_64-mingw32/bin/../lib/gcc/nios2-elf/5.2.0/../../../../../H-x86_64-mingw32/nios2-elf/lib/mno-hw-mul\libc.a(lib_a-vfiprintf.o)
                0x0000000000031188                __vfiprintf_internal
 .text.__sbprintf
                0x00000000000311a4       0xbc c:/altera/16.0/nios2eds/bin/gnu/h-x86_64-mingw32/bin/../lib/gcc/nios2-elf/5.2.0/../../../../../H-x86_64-mingw32/nios2-elf/lib/mno-hw-mul\libc.a(lib_a-vfiprintf.o)
 .text          0x0000000000031260        0x0 c:/altera/16.0/nios2eds/bin/gnu/h-x86_64-mingw32/bin/../lib/gcc/nios2-elf/5.2.0/../../../../../H-x86_64-mingw32/nios2-elf/lib/mno-hw-mul\libc.a(lib_a-wbuf.o)
 .text.__swbuf_r
                0x0000000000031260      0x140 c:/altera/16.0/nios2eds/bin/gnu/h-x86_64-mingw32/bin/../lib/gcc/nios2-elf/5.2.0/../../../../../H-x86_64-mingw32/nios2-elf/lib/mno-hw-mul\libc.a(lib_a-wbuf.o)
                0x0000000000031260                __swbuf_r
 .text.__swbuf  0x00000000000313a0       0x18 c:/altera/16.0/nios2eds/bin/gnu/h-x86_64-mingw32/bin/../lib/gcc/nios2-elf/5.2.0/../../../../../H-x86_64-mingw32/nios2-elf/lib/mno-hw-mul\libc.a(lib_a-wbuf.o)
                0x00000000000313a0                __swbuf
 .text          0x00000000000313b8        0x0 c:/altera/16.0/nios2eds/bin/gnu/h-x86_64-mingw32/bin/../lib/gcc/nios2-elf/5.2.0/../../../../../H-x86_64-mingw32/nios2-elf/lib/mno-hw-mul\libc.a(lib_a-writer.o)
 .text._write_r
                0x00000000000313b8       0x60 c:/altera/16.0/nios2eds/bin/gnu/h-x86_64-mingw32/bin/../lib/gcc/nios2-elf/5.2.0/../../../../../H-x86_64-mingw32/nios2-elf/lib/mno-hw-mul\libc.a(lib_a-writer.o)
                0x00000000000313b8                _write_r
 .text          0x0000000000031418        0x0 c:/altera/16.0/nios2eds/bin/gnu/h-x86_64-mingw32/bin/../lib/gcc/nios2-elf/5.2.0/../../../../../H-x86_64-mingw32/nios2-elf/lib/mno-hw-mul\libc.a(closer.o)
 .text._close_r
                0x0000000000031418       0x54 c:/altera/16.0/nios2eds/bin/gnu/h-x86_64-mingw32/bin/../lib/gcc/nios2-elf/5.2.0/../../../../../H-x86_64-mingw32/nios2-elf/lib/mno-hw-mul\libc.a(closer.o)
                0x0000000000031418                _close_r
 .text          0x000000000003146c        0x0 c:/altera/16.0/nios2eds/bin/gnu/h-x86_64-mingw32/bin/../lib/gcc/nios2-elf/5.2.0/../../../../../H-x86_64-mingw32/nios2-elf/lib/mno-hw-mul\libc.a(lib_a-callocr.o)
 .text._calloc_r
                0x000000000003146c       0xdc c:/altera/16.0/nios2eds/bin/gnu/h-x86_64-mingw32/bin/../lib/gcc/nios2-elf/5.2.0/../../../../../H-x86_64-mingw32/nios2-elf/lib/mno-hw-mul\libc.a(lib_a-callocr.o)
                0x000000000003146c                _calloc_r
 .text          0x0000000000031548        0x0 c:/altera/16.0/nios2eds/bin/gnu/h-x86_64-mingw32/bin/../lib/gcc/nios2-elf/5.2.0/../../../../../H-x86_64-mingw32/nios2-elf/lib/mno-hw-mul\libc.a(lib_a-fclose.o)
 .text._fclose_r
                0x0000000000031548       0xf0 c:/altera/16.0/nios2eds/bin/gnu/h-x86_64-mingw32/bin/../lib/gcc/nios2-elf/5.2.0/../../../../../H-x86_64-mingw32/nios2-elf/lib/mno-hw-mul\libc.a(lib_a-fclose.o)
                0x0000000000031548                _fclose_r
 .text.fclose   0x0000000000031638       0x14 c:/altera/16.0/nios2eds/bin/gnu/h-x86_64-mingw32/bin/../lib/gcc/nios2-elf/5.2.0/../../../../../H-x86_64-mingw32/nios2-elf/lib/mno-hw-mul\libc.a(lib_a-fclose.o)
                0x0000000000031638                fclose
 .text          0x000000000003164c        0x0 c:/altera/16.0/nios2eds/bin/gnu/h-x86_64-mingw32/bin/../lib/gcc/nios2-elf/5.2.0/../../../../../H-x86_64-mingw32/nios2-elf/lib/mno-hw-mul\libc.a(lib_a-fputwc.o)
 .text.__fputwc
                0x000000000003164c      0x164 c:/altera/16.0/nios2eds/bin/gnu/h-x86_64-mingw32/bin/../lib/gcc/nios2-elf/5.2.0/../../../../../H-x86_64-mingw32/nios2-elf/lib/mno-hw-mul\libc.a(lib_a-fputwc.o)
                0x000000000003164c                __fputwc
 .text._fputwc_r
                0x00000000000317b0       0x24 c:/altera/16.0/nios2eds/bin/gnu/h-x86_64-mingw32/bin/../lib/gcc/nios2-elf/5.2.0/../../../../../H-x86_64-mingw32/nios2-elf/lib/mno-hw-mul\libc.a(lib_a-fputwc.o)
                0x00000000000317b0                _fputwc_r
 .text.fputwc   0x00000000000317d4       0x80 c:/altera/16.0/nios2eds/bin/gnu/h-x86_64-mingw32/bin/../lib/gcc/nios2-elf/5.2.0/../../../../../H-x86_64-mingw32/nios2-elf/lib/mno-hw-mul\libc.a(lib_a-fputwc.o)
                0x00000000000317d4                fputwc
 .text          0x0000000000031854        0x0 c:/altera/16.0/nios2eds/bin/gnu/h-x86_64-mingw32/bin/../lib/gcc/nios2-elf/5.2.0/../../../../../H-x86_64-mingw32/nios2-elf/lib/mno-hw-mul\libc.a(lib_a-fstatr.o)
 .text._fstat_r
                0x0000000000031854       0x5c c:/altera/16.0/nios2eds/bin/gnu/h-x86_64-mingw32/bin/../lib/gcc/nios2-elf/5.2.0/../../../../../H-x86_64-mingw32/nios2-elf/lib/mno-hw-mul\libc.a(lib_a-fstatr.o)
                0x0000000000031854                _fstat_r
 .text          0x00000000000318b0        0x0 c:/altera/16.0/nios2eds/bin/gnu/h-x86_64-mingw32/bin/../lib/gcc/nios2-elf/5.2.0/../../../../../H-x86_64-mingw32/nios2-elf/lib/mno-hw-mul\libc.a(lib_a-gdtoa-gethex.o)
 .text.rshift   0x00000000000318b0      0x100 c:/altera/16.0/nios2eds/bin/gnu/h-x86_64-mingw32/bin/../lib/gcc/nios2-elf/5.2.0/../../../../../H-x86_64-mingw32/nios2-elf/lib/mno-hw-mul\libc.a(lib_a-gdtoa-gethex.o)
 .text.__gethex
                0x00000000000319b0      0x850 c:/altera/16.0/nios2eds/bin/gnu/h-x86_64-mingw32/bin/../lib/gcc/nios2-elf/5.2.0/../../../../../H-x86_64-mingw32/nios2-elf/lib/mno-hw-mul\libc.a(lib_a-gdtoa-gethex.o)
                0x00000000000319b0                __gethex
 .text          0x0000000000032200        0x0 c:/altera/16.0/nios2eds/bin/gnu/h-x86_64-mingw32/bin/../lib/gcc/nios2-elf/5.2.0/../../../../../H-x86_64-mingw32/nios2-elf/lib/mno-hw-mul\libc.a(lib_a-gdtoa-hexnan.o)
 .text.__hexnan
                0x0000000000032200      0x264 c:/altera/16.0/nios2eds/bin/gnu/h-x86_64-mingw32/bin/../lib/gcc/nios2-elf/5.2.0/../../../../../H-x86_64-mingw32/nios2-elf/lib/mno-hw-mul\libc.a(lib_a-gdtoa-hexnan.o)
                0x0000000000032200                __hexnan
 .text          0x0000000000032464        0x0 c:/altera/16.0/nios2eds/bin/gnu/h-x86_64-mingw32/bin/../lib/gcc/nios2-elf/5.2.0/../../../../../H-x86_64-mingw32/nios2-elf/lib/mno-hw-mul\libc.a(lib_a-int_errno.o)
 .text          0x0000000000032464        0x0 c:/altera/16.0/nios2eds/bin/gnu/h-x86_64-mingw32/bin/../lib/gcc/nios2-elf/5.2.0/../../../../../H-x86_64-mingw32/nios2-elf/lib/mno-hw-mul\libc.a(lib_a-isattyr.o)
 .text._isatty_r
                0x0000000000032464       0x54 c:/altera/16.0/nios2eds/bin/gnu/h-x86_64-mingw32/bin/../lib/gcc/nios2-elf/5.2.0/../../../../../H-x86_64-mingw32/nios2-elf/lib/mno-hw-mul\libc.a(lib_a-isattyr.o)
                0x0000000000032464                _isatty_r
 .text          0x00000000000324b8        0x0 c:/altera/16.0/nios2eds/bin/gnu/h-x86_64-mingw32/bin/../lib/gcc/nios2-elf/5.2.0/../../../../../H-x86_64-mingw32/nios2-elf/lib/mno-hw-mul\libc.a(lib_a-lseekr.o)
 .text._lseek_r
                0x00000000000324b8       0x60 c:/altera/16.0/nios2eds/bin/gnu/h-x86_64-mingw32/bin/../lib/gcc/nios2-elf/5.2.0/../../../../../H-x86_64-mingw32/nios2-elf/lib/mno-hw-mul\libc.a(lib_a-lseekr.o)
                0x00000000000324b8                _lseek_r
 .text          0x0000000000032518        0x0 c:/altera/16.0/nios2eds/bin/gnu/h-x86_64-mingw32/bin/../lib/gcc/nios2-elf/5.2.0/../../../../../H-x86_64-mingw32/nios2-elf/lib/mno-hw-mul\libc.a(lib_a-readr.o)
 .text._read_r  0x0000000000032518       0x60 c:/altera/16.0/nios2eds/bin/gnu/h-x86_64-mingw32/bin/../lib/gcc/nios2-elf/5.2.0/../../../../../H-x86_64-mingw32/nios2-elf/lib/mno-hw-mul\libc.a(lib_a-readr.o)
                0x0000000000032518                _read_r
 .text          0x0000000000032578        0x0 c:/altera/16.0/nios2eds/bin/gnu/h-x86_64-mingw32/bin/../lib/gcc/nios2-elf/5.2.0/../../../../../H-x86_64-mingw32/nios2-elf/lib/mno-hw-mul\libc.a(lib_a-strncmp.o)
 .text.strncmp  0x0000000000032578       0xd0 c:/altera/16.0/nios2eds/bin/gnu/h-x86_64-mingw32/bin/../lib/gcc/nios2-elf/5.2.0/../../../../../H-x86_64-mingw32/nios2-elf/lib/mno-hw-mul\libc.a(lib_a-strncmp.o)
                0x0000000000032578                strncmp
 .text          0x0000000000032648        0x0 c:/altera/16.0/nios2eds/bin/gnu/h-x86_64-mingw32/bin/../lib/gcc/nios2-elf/5.2.0/../../../../../H-x86_64-mingw32/nios2-elf/lib/mno-hw-mul\libc.a(lib_a-svfiprintf.o)
 .text.__ssprint_r
                0x0000000000032648      0x1d0 c:/altera/16.0/nios2eds/bin/gnu/h-x86_64-mingw32/bin/../lib/gcc/nios2-elf/5.2.0/../../../../../H-x86_64-mingw32/nios2-elf/lib/mno-hw-mul\libc.a(lib_a-svfiprintf.o)
                0x0000000000032648                __ssprint_r
 .text.___svfiprintf_internal_r
                0x0000000000032818     0x13a0 c:/altera/16.0/nios2eds/bin/gnu/h-x86_64-mingw32/bin/../lib/gcc/nios2-elf/5.2.0/../../../../../H-x86_64-mingw32/nios2-elf/lib/mno-hw-mul\libc.a(lib_a-svfiprintf.o)
                0x0000000000032818                ___svfiprintf_internal_r
 .text          0x0000000000033bb8        0x0 c:/altera/16.0/nios2eds/bin/gnu/h-x86_64-mingw32/bin/../lib/gcc/nios2-elf/5.2.0/../../../../../H-x86_64-mingw32/nios2-elf/lib/mno-hw-mul\libc.a(lib_a-wcrtomb.o)
 .text._wcrtomb_r
                0x0000000000033bb8       0x9c c:/altera/16.0/nios2eds/bin/gnu/h-x86_64-mingw32/bin/../lib/gcc/nios2-elf/5.2.0/../../../../../H-x86_64-mingw32/nios2-elf/lib/mno-hw-mul\libc.a(lib_a-wcrtomb.o)
                0x0000000000033bb8                _wcrtomb_r
 .text.wcrtomb  0x0000000000033c54       0xc0 c:/altera/16.0/nios2eds/bin/gnu/h-x86_64-mingw32/bin/../lib/gcc/nios2-elf/5.2.0/../../../../../H-x86_64-mingw32/nios2-elf/lib/mno-hw-mul\libc.a(lib_a-wcrtomb.o)
                0x0000000000033c54                wcrtomb
 .text          0x0000000000033d14        0x0 c:/altera/16.0/nios2eds/bin/gnu/h-x86_64-mingw32/bin/../lib/gcc/nios2-elf/5.2.0/../../../../../H-x86_64-mingw32/nios2-elf/lib/mno-hw-mul\libc.a(lib_a-wctomb_r.o)
 .text.__ascii_wctomb
                0x0000000000033d14       0x30 c:/altera/16.0/nios2eds/bin/gnu/h-x86_64-mingw32/bin/../lib/gcc/nios2-elf/5.2.0/../../../../../H-x86_64-mingw32/nios2-elf/lib/mno-hw-mul\libc.a(lib_a-wctomb_r.o)
                0x0000000000033d14                __ascii_wctomb
 .text._wctomb_r
                0x0000000000033d44       0x5c c:/altera/16.0/nios2eds/bin/gnu/h-x86_64-mingw32/bin/../lib/gcc/nios2-elf/5.2.0/../../../../../H-x86_64-mingw32/nios2-elf/lib/mno-hw-mul\libc.a(lib_a-wctomb_r.o)
                0x0000000000033d44                _wctomb_r
 .text          0x0000000000033da0      0x10c c:/altera/16.0/nios2eds/bin/gnu/h-x86_64-mingw32/bin/../lib/gcc/nios2-elf/5.2.0/mno-hw-mul\libgcc.a(_muldi3.o)
                0x0000000000033da0                __muldi3
 .text          0x0000000000033eac       0x74 c:/altera/16.0/nios2eds/bin/gnu/h-x86_64-mingw32/bin/../lib/gcc/nios2-elf/5.2.0/mno-hw-mul\libgcc.a(_fixunsdfsi.o)
                0x0000000000033eac                __fixunsdfsi
 .text          0x0000000000033f20      0x5fc c:/altera/16.0/nios2eds/bin/gnu/h-x86_64-mingw32/bin/../lib/gcc/nios2-elf/5.2.0/mno-hw-mul\libgcc.a(_udivdi3.o)
                0x0000000000033f20                __udivdi3
 .text          0x000000000003451c      0x5c4 c:/altera/16.0/nios2eds/bin/gnu/h-x86_64-mingw32/bin/../lib/gcc/nios2-elf/5.2.0/mno-hw-mul\libgcc.a(_umoddi3.o)
                0x000000000003451c                __umoddi3
 .text          0x0000000000034ae0      0x1b4 c:/altera/16.0/nios2eds/bin/gnu/h-x86_64-mingw32/bin/../lib/gcc/nios2-elf/5.2.0/mno-hw-mul\libgcc.a(lib2-divmod.o)
                0x0000000000034ae0                __divsi3
                0x0000000000034b64                __modsi3
                0x0000000000034bd8                __udivsi3
                0x0000000000034c3c                __umodsi3
 .text          0x0000000000034c94       0x28 c:/altera/16.0/nios2eds/bin/gnu/h-x86_64-mingw32/bin/../lib/gcc/nios2-elf/5.2.0/mno-hw-mul\libgcc.a(lib2-mul.o)
                0x0000000000034c94                __mulsi3
 .text          0x0000000000034cbc       0x78 c:/altera/16.0/nios2eds/bin/gnu/h-x86_64-mingw32/bin/../lib/gcc/nios2-elf/5.2.0/mno-hw-mul\libgcc.a(eqsf2.o)
                0x0000000000034cbc                __eqsf2
                0x0000000000034cbc                __nesf2
 .text          0x0000000000034d34       0xbc c:/altera/16.0/nios2eds/bin/gnu/h-x86_64-mingw32/bin/../lib/gcc/nios2-elf/5.2.0/mno-hw-mul\libgcc.a(gesf2.o)
                0x0000000000034d34                __gesf2
                0x0000000000034d34                __gtsf2
 .text          0x0000000000034df0       0xc8 c:/altera/16.0/nios2eds/bin/gnu/h-x86_64-mingw32/bin/../lib/gcc/nios2-elf/5.2.0/mno-hw-mul\libgcc.a(lesf2.o)
                0x0000000000034df0                __ltsf2
                0x0000000000034df0                __lesf2
 .text          0x0000000000034eb8      0x8ac c:/altera/16.0/nios2eds/bin/gnu/h-x86_64-mingw32/bin/../lib/gcc/nios2-elf/5.2.0/mno-hw-mul\libgcc.a(adddf3.o)
                0x0000000000034eb8                __adddf3
 .text          0x0000000000035764      0x9d0 c:/altera/16.0/nios2eds/bin/gnu/h-x86_64-mingw32/bin/../lib/gcc/nios2-elf/5.2.0/mno-hw-mul\libgcc.a(divdf3.o)
                0x0000000000035764                __divdf3
 .text          0x0000000000036134       0x88 c:/altera/16.0/nios2eds/bin/gnu/h-x86_64-mingw32/bin/../lib/gcc/nios2-elf/5.2.0/mno-hw-mul\libgcc.a(eqdf2.o)
                0x0000000000036134                __nedf2
                0x0000000000036134                __eqdf2
 .text          0x00000000000361bc       0xdc c:/altera/16.0/nios2eds/bin/gnu/h-x86_64-mingw32/bin/../lib/gcc/nios2-elf/5.2.0/mno-hw-mul\libgcc.a(gedf2.o)
                0x00000000000361bc                __gedf2
                0x00000000000361bc                __gtdf2
 .text          0x0000000000036298       0xf4 c:/altera/16.0/nios2eds/bin/gnu/h-x86_64-mingw32/bin/../lib/gcc/nios2-elf/5.2.0/mno-hw-mul\libgcc.a(ledf2.o)
                0x0000000000036298                __ledf2
                0x0000000000036298                __ltdf2
 .text          0x000000000003638c      0x868 c:/altera/16.0/nios2eds/bin/gnu/h-x86_64-mingw32/bin/../lib/gcc/nios2-elf/5.2.0/mno-hw-mul\libgcc.a(muldf3.o)
                0x000000000003638c                __muldf3
 .text          0x0000000000036bf4      0x8fc c:/altera/16.0/nios2eds/bin/gnu/h-x86_64-mingw32/bin/../lib/gcc/nios2-elf/5.2.0/mno-hw-mul\libgcc.a(subdf3.o)
                0x0000000000036bf4                __subdf3
 .text          0x00000000000374f0       0x80 c:/altera/16.0/nios2eds/bin/gnu/h-x86_64-mingw32/bin/../lib/gcc/nios2-elf/5.2.0/mno-hw-mul\libgcc.a(fixdfsi.o)
                0x00000000000374f0                __fixdfsi
 .text          0x0000000000037570       0xdc c:/altera/16.0/nios2eds/bin/gnu/h-x86_64-mingw32/bin/../lib/gcc/nios2-elf/5.2.0/mno-hw-mul\libgcc.a(floatsidf.o)
                0x0000000000037570                __floatsidf
 .text          0x000000000003764c       0xa8 c:/altera/16.0/nios2eds/bin/gnu/h-x86_64-mingw32/bin/../lib/gcc/nios2-elf/5.2.0/mno-hw-mul\libgcc.a(floatunsidf.o)
                0x000000000003764c                __floatunsidf
 .text          0x00000000000376f4      0x1a8 c:/altera/16.0/nios2eds/bin/gnu/h-x86_64-mingw32/bin/../lib/gcc/nios2-elf/5.2.0/mno-hw-mul\libgcc.a(truncdfsf2.o)
                0x00000000000376f4                __truncdfsf2
 .text          0x000000000003789c        0x0 c:/altera/16.0/nios2eds/bin/gnu/h-x86_64-mingw32/bin/../lib/gcc/nios2-elf/5.2.0/mno-hw-mul\libgcc.a(_clz.o)
 .text          0x000000000003789c       0x64 c:/altera/16.0/nios2eds/bin/gnu/h-x86_64-mingw32/bin/../lib/gcc/nios2-elf/5.2.0/mno-hw-mul\libgcc.a(_clzsi2.o)
                0x000000000003789c                __clzsi2
 .text          0x0000000000037900       0x8c ../checkmeharder_bsp/\libhal_bsp.a(alt_close.o)
                0x0000000000037950                close
 .text          0x000000000003798c        0x0 ../checkmeharder_bsp/\libhal_bsp.a(alt_errno.o)
 .text          0x000000000003798c       0x4c ../checkmeharder_bsp/\libhal_bsp.a(alt_fstat.o)
                0x000000000003798c                fstat
 .text          0x00000000000379d8       0x3c ../checkmeharder_bsp/\libhal_bsp.a(alt_isatty.o)
                0x00000000000379d8                isatty
 .text          0x0000000000037a14       0xec ../checkmeharder_bsp/\libhal_bsp.a(alt_load.o)
                0x0000000000037a7c                alt_load
 .text          0x0000000000037b00       0x94 ../checkmeharder_bsp/\libhal_bsp.a(alt_lseek.o)
                0x0000000000037b50                lseek
 .text          0x0000000000037b94       0x50 ../checkmeharder_bsp/\libhal_bsp.a(alt_main.o)
                0x0000000000037b94                alt_main
 .text          0x0000000000037be4       0x48 ../checkmeharder_bsp/\libhal_bsp.a(alt_malloc_lock.o)
                0x0000000000037be4                __malloc_lock
                0x0000000000037c08                __malloc_unlock
 .text          0x0000000000037c2c       0xbc ../checkmeharder_bsp/\libhal_bsp.a(alt_read.o)
                0x0000000000037c7c                read
 .text          0x0000000000037ce8       0xb0 ../checkmeharder_bsp/\libhal_bsp.a(alt_sbrk.o)
                0x0000000000037ce8                sbrk
 .text          0x0000000000037d98       0xec ../checkmeharder_bsp/\libhal_bsp.a(alt_write.o)
                0x0000000000037de8                write
 .text          0x0000000000037e84       0x58 ../checkmeharder_bsp/\libhal_bsp.a(alt_sys_init.o)
                0x0000000000037e84                alt_irq_init
                0x0000000000037ebc                alt_sys_init
 .text          0x0000000000037edc       0xec ../checkmeharder_bsp/\libhal_bsp.a(altera_avalon_jtag_uart_read.o)
                0x0000000000037edc                altera_avalon_jtag_uart_read
 .text          0x0000000000037fc8       0x94 ../checkmeharder_bsp/\libhal_bsp.a(altera_avalon_jtag_uart_write.o)
                0x0000000000037fc8                altera_avalon_jtag_uart_write
 .text          0x000000000003805c       0x20 ../checkmeharder_bsp/\libhal_bsp.a(alt_dcache_flush_all.o)
                0x000000000003805c                alt_dcache_flush_all
 .text          0x000000000003807c       0x20 ../checkmeharder_bsp/\libhal_bsp.a(alt_icache_flush_all.o)
                0x000000000003807c                alt_icache_flush_all
 .text          0x000000000003809c       0x24 ../checkmeharder_bsp/\libhal_bsp.a(altera_nios2_qsys_irq.o)
                0x000000000003809c                altera_nios2_qsys_irq_init
 .text          0x00000000000380c0        0x0 c:/altera/16.0/nios2eds/bin/gnu/h-x86_64-mingw32/bin/../lib/gcc/nios2-elf/5.2.0/../../../../../H-x86_64-mingw32/nios2-elf/lib/mno-hw-mul\libc.a(lib_a-exit.o)
 .text.exit     0x00000000000380c0       0x38 c:/altera/16.0/nios2eds/bin/gnu/h-x86_64-mingw32/bin/../lib/gcc/nios2-elf/5.2.0/../../../../../H-x86_64-mingw32/nios2-elf/lib/mno-hw-mul\libc.a(lib_a-exit.o)
                0x00000000000380c0                exit
 .text          0x00000000000380f8        0x0 c:/altera/16.0/nios2eds/bin/gnu/h-x86_64-mingw32/bin/../lib/gcc/nios2-elf/5.2.0/../../../../../H-x86_64-mingw32/nios2-elf/lib/mno-hw-mul\libc.a(lib_a-__call_atexit.o)
 .text.__call_exitprocs
                0x00000000000380f8      0x180 c:/altera/16.0/nios2eds/bin/gnu/h-x86_64-mingw32/bin/../lib/gcc/nios2-elf/5.2.0/../../../../../H-x86_64-mingw32/nios2-elf/lib/mno-hw-mul\libc.a(lib_a-__call_atexit.o)
                0x00000000000380f8                __call_exitprocs
 .text          0x0000000000038278       0x34 ../checkmeharder_bsp/\libhal_bsp.a(alt_exit.o)
                0x0000000000038278                _exit
 *(.gnu.warning.*)
 *(.fini)
                [!provide]                        PROVIDE (__etext, ABSOLUTE (.))
                [!provide]                        PROVIDE (_etext, ABSOLUTE (.))
                [!provide]                        PROVIDE (etext, ABSOLUTE (.))
 *(.eh_frame_hdr)
                0x00000000000382ac                . = ALIGN (0x4)
                [!provide]                        PROVIDE (__preinit_array_start, ABSOLUTE (.))
 *(.preinit_array)
                [!provide]                        PROVIDE (__preinit_array_end, ABSOLUTE (.))
                [!provide]                        PROVIDE (__init_array_start, ABSOLUTE (.))
 *(.init_array)
                [!provide]                        PROVIDE (__init_array_end, ABSOLUTE (.))
                [!provide]                        PROVIDE (__fini_array_start, ABSOLUTE (.))
 *(.fini_array)
                [!provide]                        PROVIDE (__fini_array_end, ABSOLUTE (.))
 *(.eh_frame)
 *(.gcc_except_table .gcc_except_table.*)
 *(.dynamic)
                [!provide]                        PROVIDE (__CTOR_LIST__, ABSOLUTE (.))
 *(.ctors)
 *(SORT(.ctors.*))
                [!provide]                        PROVIDE (__CTOR_END__, ABSOLUTE (.))
                [!provide]                        PROVIDE (__DTOR_LIST__, ABSOLUTE (.))
 *(.dtors)
 *(SORT(.dtors.*))
                [!provide]                        PROVIDE (__DTOR_END__, ABSOLUTE (.))
 *(.jcr)
                0x00000000000382ac                . = ALIGN (0x4)

.rodata         0x00000000000382ac      0x78c
                0x00000000000382ac                PROVIDE (__ram_rodata_start, ABSOLUTE (.))
                0x00000000000382ac                . = ALIGN (0x4)
 *(.rodata .rodata.* .gnu.linkonce.r.*)
 .rodata        0x00000000000382ac       0x74 obj/default/hello_world.o
 .rodata.str1.4
                0x0000000000038320        0x2 c:/altera/16.0/nios2eds/bin/gnu/h-x86_64-mingw32/bin/../lib/gcc/nios2-elf/5.2.0/../../../../../H-x86_64-mingw32/nios2-elf/lib/mno-hw-mul\libc.a(lib_a-impure.o)
 *fill*         0x0000000000038322        0x2 
 .rodata.str1.4
                0x0000000000038324        0x2 c:/altera/16.0/nios2eds/bin/gnu/h-x86_64-mingw32/bin/../lib/gcc/nios2-elf/5.2.0/../../../../../H-x86_64-mingw32/nios2-elf/lib/mno-hw-mul\libc.a(lib_a-puts.o)
 *fill*         0x0000000000038326        0x2 
 .rodata.str1.4
                0x0000000000038328       0x42 c:/altera/16.0/nios2eds/bin/gnu/h-x86_64-mingw32/bin/../lib/gcc/nios2-elf/5.2.0/../../../../../H-x86_64-mingw32/nios2-elf/lib/mno-hw-mul\libc.a(lib_a-vfprintf.o)
 .rodata.zeroes.4404
                0x000000000003836a       0x10 c:/altera/16.0/nios2eds/bin/gnu/h-x86_64-mingw32/bin/../lib/gcc/nios2-elf/5.2.0/../../../../../H-x86_64-mingw32/nios2-elf/lib/mno-hw-mul\libc.a(lib_a-vfprintf.o)
 .rodata.blanks.4403
                0x000000000003837a       0x10 c:/altera/16.0/nios2eds/bin/gnu/h-x86_64-mingw32/bin/../lib/gcc/nios2-elf/5.2.0/../../../../../H-x86_64-mingw32/nios2-elf/lib/mno-hw-mul\libc.a(lib_a-vfprintf.o)
 *fill*         0x000000000003838a        0x2 
 .rodata.str1.4
                0x000000000003838c        0x5 c:/altera/16.0/nios2eds/bin/gnu/h-x86_64-mingw32/bin/../lib/gcc/nios2-elf/5.2.0/../../../../../H-x86_64-mingw32/nios2-elf/lib/mno-hw-mul\libc.a(lib_a-vfscanf.o)
 *fill*         0x0000000000038391        0x1 
 .rodata.basefix.4359
                0x0000000000038392       0x22 c:/altera/16.0/nios2eds/bin/gnu/h-x86_64-mingw32/bin/../lib/gcc/nios2-elf/5.2.0/../../../../../H-x86_64-mingw32/nios2-elf/lib/mno-hw-mul\libc.a(lib_a-vfscanf.o)
 .rodata._ctype_
                0x00000000000383b4      0x101 c:/altera/16.0/nios2eds/bin/gnu/h-x86_64-mingw32/bin/../lib/gcc/nios2-elf/5.2.0/../../../../../H-x86_64-mingw32/nios2-elf/lib/mno-hw-mul\libc.a(lib_a-ctype_.o)
                0x00000000000383b4                _ctype_
 .rodata._ctype_b
                0x00000000000384b5      0x180 c:/altera/16.0/nios2eds/bin/gnu/h-x86_64-mingw32/bin/../lib/gcc/nios2-elf/5.2.0/../../../../../H-x86_64-mingw32/nios2-elf/lib/mno-hw-mul\libc.a(lib_a-ctype_.o)
 *fill*         0x0000000000038635        0x3 
 .rodata.str1.4
                0x0000000000038638       0x10 c:/altera/16.0/nios2eds/bin/gnu/h-x86_64-mingw32/bin/../lib/gcc/nios2-elf/5.2.0/../../../../../H-x86_64-mingw32/nios2-elf/lib/mno-hw-mul\libc.a(lib_a-dtoa.o)
                                         0x12 (size before relaxing)
 .rodata.str1.4
                0x0000000000038648        0xa c:/altera/16.0/nios2eds/bin/gnu/h-x86_64-mingw32/bin/../lib/gcc/nios2-elf/5.2.0/../../../../../H-x86_64-mingw32/nios2-elf/lib/mno-hw-mul\libc.a(lib_a-locale.o)
                                         0x12 (size before relaxing)
 .rodata.str1.4
                0x0000000000038652        0x1 c:/altera/16.0/nios2eds/bin/gnu/h-x86_64-mingw32/bin/../lib/gcc/nios2-elf/5.2.0/../../../../../H-x86_64-mingw32/nios2-elf/lib/mno-hw-mul\libc.a(lib_a-mbrtowc.o)
 *fill*         0x0000000000038652        0x2 
 .rodata.p05.2768
                0x0000000000038654        0xc c:/altera/16.0/nios2eds/bin/gnu/h-x86_64-mingw32/bin/../lib/gcc/nios2-elf/5.2.0/../../../../../H-x86_64-mingw32/nios2-elf/lib/mno-hw-mul\libc.a(lib_a-mprec.o)
 .rodata.__mprec_tinytens
                0x0000000000038660       0x28 c:/altera/16.0/nios2eds/bin/gnu/h-x86_64-mingw32/bin/../lib/gcc/nios2-elf/5.2.0/../../../../../H-x86_64-mingw32/nios2-elf/lib/mno-hw-mul\libc.a(lib_a-mprec.o)
                0x0000000000038660                __mprec_tinytens
 .rodata.__mprec_bigtens
                0x0000000000038688       0x28 c:/altera/16.0/nios2eds/bin/gnu/h-x86_64-mingw32/bin/../lib/gcc/nios2-elf/5.2.0/../../../../../H-x86_64-mingw32/nios2-elf/lib/mno-hw-mul\libc.a(lib_a-mprec.o)
                0x0000000000038688                __mprec_bigtens
 .rodata.__mprec_tens
                0x00000000000386b0       0xc8 c:/altera/16.0/nios2eds/bin/gnu/h-x86_64-mingw32/bin/../lib/gcc/nios2-elf/5.2.0/../../../../../H-x86_64-mingw32/nios2-elf/lib/mno-hw-mul\libc.a(lib_a-mprec.o)
                0x00000000000386b0                __mprec_tens
 .rodata.str1.4
                0x0000000000038778       0x10 c:/altera/16.0/nios2eds/bin/gnu/h-x86_64-mingw32/bin/../lib/gcc/nios2-elf/5.2.0/../../../../../H-x86_64-mingw32/nios2-elf/lib/mno-hw-mul\libc.a(lib_a-strtod.o)
                                          0xf (size before relaxing)
 .rodata.fpinan.2773
                0x0000000000038788       0x14 c:/altera/16.0/nios2eds/bin/gnu/h-x86_64-mingw32/bin/../lib/gcc/nios2-elf/5.2.0/../../../../../H-x86_64-mingw32/nios2-elf/lib/mno-hw-mul\libc.a(lib_a-strtod.o)
 .rodata.fpi.2737
                0x000000000003879c       0x14 c:/altera/16.0/nios2eds/bin/gnu/h-x86_64-mingw32/bin/../lib/gcc/nios2-elf/5.2.0/../../../../../H-x86_64-mingw32/nios2-elf/lib/mno-hw-mul\libc.a(lib_a-strtod.o)
 .rodata.tinytens
                0x00000000000387b0       0x28 c:/altera/16.0/nios2eds/bin/gnu/h-x86_64-mingw32/bin/../lib/gcc/nios2-elf/5.2.0/../../../../../H-x86_64-mingw32/nios2-elf/lib/mno-hw-mul\libc.a(lib_a-strtod.o)
 .rodata.str1.4
                0x00000000000387d8       0x42 c:/altera/16.0/nios2eds/bin/gnu/h-x86_64-mingw32/bin/../lib/gcc/nios2-elf/5.2.0/../../../../../H-x86_64-mingw32/nios2-elf/lib/mno-hw-mul\libc.a(lib_a-svfprintf.o)
 .rodata.zeroes.4389
                0x00000000000387d8       0x10 c:/altera/16.0/nios2eds/bin/gnu/h-x86_64-mingw32/bin/../lib/gcc/nios2-elf/5.2.0/../../../../../H-x86_64-mingw32/nios2-elf/lib/mno-hw-mul\libc.a(lib_a-svfprintf.o)
 .rodata.blanks.4388
                0x00000000000387e8       0x10 c:/altera/16.0/nios2eds/bin/gnu/h-x86_64-mingw32/bin/../lib/gcc/nios2-elf/5.2.0/../../../../../H-x86_64-mingw32/nios2-elf/lib/mno-hw-mul\libc.a(lib_a-svfprintf.o)
 .rodata.str1.4
                0x00000000000387f8       0x2f c:/altera/16.0/nios2eds/bin/gnu/h-x86_64-mingw32/bin/../lib/gcc/nios2-elf/5.2.0/../../../../../H-x86_64-mingw32/nios2-elf/lib/mno-hw-mul\libc.a(lib_a-vfiprintf.o)
 .rodata.zeroes.4349
                0x00000000000387f8       0x10 c:/altera/16.0/nios2eds/bin/gnu/h-x86_64-mingw32/bin/../lib/gcc/nios2-elf/5.2.0/../../../../../H-x86_64-mingw32/nios2-elf/lib/mno-hw-mul\libc.a(lib_a-vfiprintf.o)
 .rodata.blanks.4348
                0x0000000000038808       0x10 c:/altera/16.0/nios2eds/bin/gnu/h-x86_64-mingw32/bin/../lib/gcc/nios2-elf/5.2.0/../../../../../H-x86_64-mingw32/nios2-elf/lib/mno-hw-mul\libc.a(lib_a-vfiprintf.o)
 .rodata.__hexdig
                0x0000000000038818      0x100 c:/altera/16.0/nios2eds/bin/gnu/h-x86_64-mingw32/bin/../lib/gcc/nios2-elf/5.2.0/../../../../../H-x86_64-mingw32/nios2-elf/lib/mno-hw-mul\libc.a(lib_a-gdtoa-gethex.o)
                0x0000000000038818                __hexdig
 .rodata.str1.4
                0x0000000000038918       0x2f c:/altera/16.0/nios2eds/bin/gnu/h-x86_64-mingw32/bin/../lib/gcc/nios2-elf/5.2.0/../../../../../H-x86_64-mingw32/nios2-elf/lib/mno-hw-mul\libc.a(lib_a-svfiprintf.o)
 .rodata.zeroes.4333
                0x0000000000038918       0x10 c:/altera/16.0/nios2eds/bin/gnu/h-x86_64-mingw32/bin/../lib/gcc/nios2-elf/5.2.0/../../../../../H-x86_64-mingw32/nios2-elf/lib/mno-hw-mul\libc.a(lib_a-svfiprintf.o)
 .rodata.blanks.4332
                0x0000000000038928       0x10 c:/altera/16.0/nios2eds/bin/gnu/h-x86_64-mingw32/bin/../lib/gcc/nios2-elf/5.2.0/../../../../../H-x86_64-mingw32/nios2-elf/lib/mno-hw-mul\libc.a(lib_a-svfiprintf.o)
 .rodata        0x0000000000038938      0x100 c:/altera/16.0/nios2eds/bin/gnu/h-x86_64-mingw32/bin/../lib/gcc/nios2-elf/5.2.0/mno-hw-mul\libgcc.a(_clz.o)
                0x0000000000038938                __clz_tab
 *(.rodata1)
                0x0000000000038a38                . = ALIGN (0x4)
                0x0000000000038a38                PROVIDE (__ram_rodata_end, ABSOLUTE (.))
                0x00000000000382ac                PROVIDE (__flash_rodata_start, LOADADDR (.rodata))

.rwdata         0x0000000000038a38      0x8d0 load address 0x0000000000039308
                0x0000000000038a38                PROVIDE (__ram_rwdata_start, ABSOLUTE (.))
                0x0000000000038a38                . = ALIGN (0x4)
 *(.got.plt)
 *(.got)
 *(.data1)
 *(.data .data.* .gnu.linkonce.d.*)
 .data          0x0000000000038a38        0x0 ../checkmeharder_bsp//obj/HAL/src/crt0.o
 .data          0x0000000000038a38        0x0 obj/default/hello_world.o
 .data          0x0000000000038a38        0x0 c:/altera/16.0/nios2eds/bin/gnu/h-x86_64-mingw32/bin/../lib/gcc/nios2-elf/5.2.0/../../../../../H-x86_64-mingw32/nios2-elf/lib/mno-hw-mul\libc.a(lib_a-getc.o)
 .data          0x0000000000038a38        0x0 c:/altera/16.0/nios2eds/bin/gnu/h-x86_64-mingw32/bin/../lib/gcc/nios2-elf/5.2.0/../../../../../H-x86_64-mingw32/nios2-elf/lib/mno-hw-mul\libc.a(lib_a-impure.o)
 .data.impure_data
                0x0000000000038a38      0x424 c:/altera/16.0/nios2eds/bin/gnu/h-x86_64-mingw32/bin/../lib/gcc/nios2-elf/5.2.0/../../../../../H-x86_64-mingw32/nios2-elf/lib/mno-hw-mul\libc.a(lib_a-impure.o)
 .data          0x0000000000038e5c        0x0 c:/altera/16.0/nios2eds/bin/gnu/h-x86_64-mingw32/bin/../lib/gcc/nios2-elf/5.2.0/../../../../../H-x86_64-mingw32/nios2-elf/lib/mno-hw-mul\libc.a(lib_a-printf.o)
 .data          0x0000000000038e5c        0x0 c:/altera/16.0/nios2eds/bin/gnu/h-x86_64-mingw32/bin/../lib/gcc/nios2-elf/5.2.0/../../../../../H-x86_64-mingw32/nios2-elf/lib/mno-hw-mul\libc.a(lib_a-putchar.o)
 .data          0x0000000000038e5c        0x0 c:/altera/16.0/nios2eds/bin/gnu/h-x86_64-mingw32/bin/../lib/gcc/nios2-elf/5.2.0/../../../../../H-x86_64-mingw32/nios2-elf/lib/mno-hw-mul\libc.a(lib_a-puts.o)
 .data          0x0000000000038e5c        0x0 c:/altera/16.0/nios2eds/bin/gnu/h-x86_64-mingw32/bin/../lib/gcc/nios2-elf/5.2.0/../../../../../H-x86_64-mingw32/nios2-elf/lib/mno-hw-mul\libc.a(lib_a-rget.o)
 .data          0x0000000000038e5c        0x0 c:/altera/16.0/nios2eds/bin/gnu/h-x86_64-mingw32/bin/../lib/gcc/nios2-elf/5.2.0/../../../../../H-x86_64-mingw32/nios2-elf/lib/mno-hw-mul\libc.a(lib_a-scanf.o)
 .data          0x0000000000038e5c        0x0 c:/altera/16.0/nios2eds/bin/gnu/h-x86_64-mingw32/bin/../lib/gcc/nios2-elf/5.2.0/../../../../../H-x86_64-mingw32/nios2-elf/lib/mno-hw-mul\libc.a(lib_a-strlen.o)
 .data          0x0000000000038e5c        0x0 c:/altera/16.0/nios2eds/bin/gnu/h-x86_64-mingw32/bin/../lib/gcc/nios2-elf/5.2.0/../../../../../H-x86_64-mingw32/nios2-elf/lib/mno-hw-mul\libc.a(lib_a-vfprintf.o)
 .data          0x0000000000038e5c        0x0 c:/altera/16.0/nios2eds/bin/gnu/h-x86_64-mingw32/bin/../lib/gcc/nios2-elf/5.2.0/../../../../../H-x86_64-mingw32/nios2-elf/lib/mno-hw-mul\libc.a(lib_a-vfscanf.o)
 .data          0x0000000000038e5c        0x0 c:/altera/16.0/nios2eds/bin/gnu/h-x86_64-mingw32/bin/../lib/gcc/nios2-elf/5.2.0/../../../../../H-x86_64-mingw32/nios2-elf/lib/mno-hw-mul\libc.a(lib_a-wsetup.o)
 .data          0x0000000000038e5c        0x0 c:/altera/16.0/nios2eds/bin/gnu/h-x86_64-mingw32/bin/../lib/gcc/nios2-elf/5.2.0/../../../../../H-x86_64-mingw32/nios2-elf/lib/mno-hw-mul\libc.a(lib_a-ctype_.o)
 .data          0x0000000000038e5c        0x0 c:/altera/16.0/nios2eds/bin/gnu/h-x86_64-mingw32/bin/../lib/gcc/nios2-elf/5.2.0/../../../../../H-x86_64-mingw32/nios2-elf/lib/mno-hw-mul\libc.a(lib_a-dtoa.o)
 .data          0x0000000000038e5c        0x0 c:/altera/16.0/nios2eds/bin/gnu/h-x86_64-mingw32/bin/../lib/gcc/nios2-elf/5.2.0/../../../../../H-x86_64-mingw32/nios2-elf/lib/mno-hw-mul\libc.a(lib_a-fflush.o)
 .data          0x0000000000038e5c        0x0 c:/altera/16.0/nios2eds/bin/gnu/h-x86_64-mingw32/bin/../lib/gcc/nios2-elf/5.2.0/../../../../../H-x86_64-mingw32/nios2-elf/lib/mno-hw-mul\libc.a(lib_a-findfp.o)
 .data          0x0000000000038e5c        0x0 c:/altera/16.0/nios2eds/bin/gnu/h-x86_64-mingw32/bin/../lib/gcc/nios2-elf/5.2.0/../../../../../H-x86_64-mingw32/nios2-elf/lib/mno-hw-mul\libc.a(lib_a-fread.o)
 .data          0x0000000000038e5c        0x0 c:/altera/16.0/nios2eds/bin/gnu/h-x86_64-mingw32/bin/../lib/gcc/nios2-elf/5.2.0/../../../../../H-x86_64-mingw32/nios2-elf/lib/mno-hw-mul\libc.a(lib_a-freer.o)
 .data          0x0000000000038e5c        0x0 c:/altera/16.0/nios2eds/bin/gnu/h-x86_64-mingw32/bin/../lib/gcc/nios2-elf/5.2.0/../../../../../H-x86_64-mingw32/nios2-elf/lib/mno-hw-mul\libc.a(lib_a-fvwrite.o)
 .data          0x0000000000038e5c        0x0 c:/altera/16.0/nios2eds/bin/gnu/h-x86_64-mingw32/bin/../lib/gcc/nios2-elf/5.2.0/../../../../../H-x86_64-mingw32/nios2-elf/lib/mno-hw-mul\libc.a(lib_a-fwalk.o)
 .data          0x0000000000038e5c        0x0 c:/altera/16.0/nios2eds/bin/gnu/h-x86_64-mingw32/bin/../lib/gcc/nios2-elf/5.2.0/../../../../../H-x86_64-mingw32/nios2-elf/lib/mno-hw-mul\libc.a(lib_a-iswspace.o)
 .data          0x0000000000038e5c        0x0 c:/altera/16.0/nios2eds/bin/gnu/h-x86_64-mingw32/bin/../lib/gcc/nios2-elf/5.2.0/../../../../../H-x86_64-mingw32/nios2-elf/lib/mno-hw-mul\libc.a(lib_a-locale.o)
 .data.lc_message_charset
                0x0000000000038e5c       0x20 c:/altera/16.0/nios2eds/bin/gnu/h-x86_64-mingw32/bin/../lib/gcc/nios2-elf/5.2.0/../../../../../H-x86_64-mingw32/nios2-elf/lib/mno-hw-mul\libc.a(lib_a-locale.o)
 .data.lc_ctype_charset
                0x0000000000038e7c       0x20 c:/altera/16.0/nios2eds/bin/gnu/h-x86_64-mingw32/bin/../lib/gcc/nios2-elf/5.2.0/../../../../../H-x86_64-mingw32/nios2-elf/lib/mno-hw-mul\libc.a(lib_a-locale.o)
 .data.lconv    0x0000000000038e9c       0x38 c:/altera/16.0/nios2eds/bin/gnu/h-x86_64-mingw32/bin/../lib/gcc/nios2-elf/5.2.0/../../../../../H-x86_64-mingw32/nios2-elf/lib/mno-hw-mul\libc.a(lib_a-locale.o)
 .data          0x0000000000038ed4        0x0 c:/altera/16.0/nios2eds/bin/gnu/h-x86_64-mingw32/bin/../lib/gcc/nios2-elf/5.2.0/../../../../../H-x86_64-mingw32/nios2-elf/lib/mno-hw-mul\libc.a(lib_a-makebuf.o)
 .data          0x0000000000038ed4        0x0 c:/altera/16.0/nios2eds/bin/gnu/h-x86_64-mingw32/bin/../lib/gcc/nios2-elf/5.2.0/../../../../../H-x86_64-mingw32/nios2-elf/lib/mno-hw-mul\libc.a(lib_a-mallocr.o)
 .data.__malloc_av_
                0x0000000000038ed4      0x408 c:/altera/16.0/nios2eds/bin/gnu/h-x86_64-mingw32/bin/../lib/gcc/nios2-elf/5.2.0/../../../../../H-x86_64-mingw32/nios2-elf/lib/mno-hw-mul\libc.a(lib_a-mallocr.o)
                0x0000000000038ed4                __malloc_av_
 .data          0x00000000000392dc        0x0 c:/altera/16.0/nios2eds/bin/gnu/h-x86_64-mingw32/bin/../lib/gcc/nios2-elf/5.2.0/../../../../../H-x86_64-mingw32/nios2-elf/lib/mno-hw-mul\libc.a(lib_a-mbrtowc.o)
 .data          0x00000000000392dc        0x0 c:/altera/16.0/nios2eds/bin/gnu/h-x86_64-mingw32/bin/../lib/gcc/nios2-elf/5.2.0/../../../../../H-x86_64-mingw32/nios2-elf/lib/mno-hw-mul\libc.a(lib_a-mbtowc_r.o)
 .data          0x00000000000392dc        0x0 c:/altera/16.0/nios2eds/bin/gnu/h-x86_64-mingw32/bin/../lib/gcc/nios2-elf/5.2.0/../../../../../H-x86_64-mingw32/nios2-elf/lib/mno-hw-mul\libc.a(lib_a-memchr.o)
 .data          0x00000000000392dc        0x0 c:/altera/16.0/nios2eds/bin/gnu/h-x86_64-mingw32/bin/../lib/gcc/nios2-elf/5.2.0/../../../../../H-x86_64-mingw32/nios2-elf/lib/mno-hw-mul\libc.a(lib_a-memcpy.o)
 .data          0x00000000000392dc        0x0 c:/altera/16.0/nios2eds/bin/gnu/h-x86_64-mingw32/bin/../lib/gcc/nios2-elf/5.2.0/../../../../../H-x86_64-mingw32/nios2-elf/lib/mno-hw-mul\libc.a(lib_a-memmove.o)
 .data          0x00000000000392dc        0x0 c:/altera/16.0/nios2eds/bin/gnu/h-x86_64-mingw32/bin/../lib/gcc/nios2-elf/5.2.0/../../../../../H-x86_64-mingw32/nios2-elf/lib/mno-hw-mul\libc.a(lib_a-memset.o)
 .data          0x00000000000392dc        0x0 c:/altera/16.0/nios2eds/bin/gnu/h-x86_64-mingw32/bin/../lib/gcc/nios2-elf/5.2.0/../../../../../H-x86_64-mingw32/nios2-elf/lib/mno-hw-mul\libc.a(lib_a-mprec.o)
 .data          0x00000000000392dc        0x0 c:/altera/16.0/nios2eds/bin/gnu/h-x86_64-mingw32/bin/../lib/gcc/nios2-elf/5.2.0/../../../../../H-x86_64-mingw32/nios2-elf/lib/mno-hw-mul\libc.a(lib_a-putc.o)
 .data          0x00000000000392dc        0x0 c:/altera/16.0/nios2eds/bin/gnu/h-x86_64-mingw32/bin/../lib/gcc/nios2-elf/5.2.0/../../../../../H-x86_64-mingw32/nios2-elf/lib/mno-hw-mul\libc.a(lib_a-reallocr.o)
 .data          0x00000000000392dc        0x0 c:/altera/16.0/nios2eds/bin/gnu/h-x86_64-mingw32/bin/../lib/gcc/nios2-elf/5.2.0/../../../../../H-x86_64-mingw32/nios2-elf/lib/mno-hw-mul\libc.a(lib_a-refill.o)
 .data          0x00000000000392dc        0x0 c:/altera/16.0/nios2eds/bin/gnu/h-x86_64-mingw32/bin/../lib/gcc/nios2-elf/5.2.0/../../../../../H-x86_64-mingw32/nios2-elf/lib/mno-hw-mul\libc.a(lib_a-s_fpclassify.o)
 .data          0x00000000000392dc        0x0 c:/altera/16.0/nios2eds/bin/gnu/h-x86_64-mingw32/bin/../lib/gcc/nios2-elf/5.2.0/../../../../../H-x86_64-mingw32/nios2-elf/lib/mno-hw-mul\libc.a(lib_a-sbrkr.o)
 .data          0x00000000000392dc        0x0 c:/altera/16.0/nios2eds/bin/gnu/h-x86_64-mingw32/bin/../lib/gcc/nios2-elf/5.2.0/../../../../../H-x86_64-mingw32/nios2-elf/lib/mno-hw-mul\libc.a(lib_a-sccl.o)
 .data          0x00000000000392dc        0x0 c:/altera/16.0/nios2eds/bin/gnu/h-x86_64-mingw32/bin/../lib/gcc/nios2-elf/5.2.0/../../../../../H-x86_64-mingw32/nios2-elf/lib/mno-hw-mul\libc.a(lib_a-sf_nan.o)
 .data          0x00000000000392dc        0x0 c:/altera/16.0/nios2eds/bin/gnu/h-x86_64-mingw32/bin/../lib/gcc/nios2-elf/5.2.0/../../../../../H-x86_64-mingw32/nios2-elf/lib/mno-hw-mul\libc.a(lib_a-sprintf.o)
 .data          0x00000000000392dc        0x0 c:/altera/16.0/nios2eds/bin/gnu/h-x86_64-mingw32/bin/../lib/gcc/nios2-elf/5.2.0/../../../../../H-x86_64-mingw32/nios2-elf/lib/mno-hw-mul\libc.a(lib_a-stdio.o)
 .data          0x00000000000392dc        0x0 c:/altera/16.0/nios2eds/bin/gnu/h-x86_64-mingw32/bin/../lib/gcc/nios2-elf/5.2.0/../../../../../H-x86_64-mingw32/nios2-elf/lib/mno-hw-mul\libc.a(lib_a-strcmp.o)
 .data          0x00000000000392dc        0x0 c:/altera/16.0/nios2eds/bin/gnu/h-x86_64-mingw32/bin/../lib/gcc/nios2-elf/5.2.0/../../../../../H-x86_64-mingw32/nios2-elf/lib/mno-hw-mul\libc.a(lib_a-strtod.o)
 .data          0x00000000000392dc        0x0 c:/altera/16.0/nios2eds/bin/gnu/h-x86_64-mingw32/bin/../lib/gcc/nios2-elf/5.2.0/../../../../../H-x86_64-mingw32/nios2-elf/lib/mno-hw-mul\libc.a(lib_a-strtol.o)
 .data          0x00000000000392dc        0x0 c:/altera/16.0/nios2eds/bin/gnu/h-x86_64-mingw32/bin/../lib/gcc/nios2-elf/5.2.0/../../../../../H-x86_64-mingw32/nios2-elf/lib/mno-hw-mul\libc.a(lib_a-strtoll_r.o)
 .data          0x00000000000392dc        0x0 c:/altera/16.0/nios2eds/bin/gnu/h-x86_64-mingw32/bin/../lib/gcc/nios2-elf/5.2.0/../../../../../H-x86_64-mingw32/nios2-elf/lib/mno-hw-mul\libc.a(lib_a-strtoul.o)
 .data          0x00000000000392dc        0x0 c:/altera/16.0/nios2eds/bin/gnu/h-x86_64-mingw32/bin/../lib/gcc/nios2-elf/5.2.0/../../../../../H-x86_64-mingw32/nios2-elf/lib/mno-hw-mul\libc.a(lib_a-strtoull_r.o)
 .data          0x00000000000392dc        0x0 c:/altera/16.0/nios2eds/bin/gnu/h-x86_64-mingw32/bin/../lib/gcc/nios2-elf/5.2.0/../../../../../H-x86_64-mingw32/nios2-elf/lib/mno-hw-mul\libc.a(lib_a-svfprintf.o)
 .data          0x00000000000392dc        0x0 c:/altera/16.0/nios2eds/bin/gnu/h-x86_64-mingw32/bin/../lib/gcc/nios2-elf/5.2.0/../../../../../H-x86_64-mingw32/nios2-elf/lib/mno-hw-mul\libc.a(lib_a-ungetc.o)
 .data          0x00000000000392dc        0x0 c:/altera/16.0/nios2eds/bin/gnu/h-x86_64-mingw32/bin/../lib/gcc/nios2-elf/5.2.0/../../../../../H-x86_64-mingw32/nios2-elf/lib/mno-hw-mul\libc.a(lib_a-vfiprintf.o)
 .data          0x00000000000392dc        0x0 c:/altera/16.0/nios2eds/bin/gnu/h-x86_64-mingw32/bin/../lib/gcc/nios2-elf/5.2.0/../../../../../H-x86_64-mingw32/nios2-elf/lib/mno-hw-mul\libc.a(lib_a-wbuf.o)
 .data          0x00000000000392dc        0x0 c:/altera/16.0/nios2eds/bin/gnu/h-x86_64-mingw32/bin/../lib/gcc/nios2-elf/5.2.0/../../../../../H-x86_64-mingw32/nios2-elf/lib/mno-hw-mul\libc.a(lib_a-writer.o)
 .data          0x00000000000392dc        0x0 c:/altera/16.0/nios2eds/bin/gnu/h-x86_64-mingw32/bin/../lib/gcc/nios2-elf/5.2.0/../../../../../H-x86_64-mingw32/nios2-elf/lib/mno-hw-mul\libc.a(closer.o)
 .data          0x00000000000392dc        0x0 c:/altera/16.0/nios2eds/bin/gnu/h-x86_64-mingw32/bin/../lib/gcc/nios2-elf/5.2.0/../../../../../H-x86_64-mingw32/nios2-elf/lib/mno-hw-mul\libc.a(lib_a-callocr.o)
 .data          0x00000000000392dc        0x0 c:/altera/16.0/nios2eds/bin/gnu/h-x86_64-mingw32/bin/../lib/gcc/nios2-elf/5.2.0/../../../../../H-x86_64-mingw32/nios2-elf/lib/mno-hw-mul\libc.a(lib_a-fclose.o)
 .data          0x00000000000392dc        0x0 c:/altera/16.0/nios2eds/bin/gnu/h-x86_64-mingw32/bin/../lib/gcc/nios2-elf/5.2.0/../../../../../H-x86_64-mingw32/nios2-elf/lib/mno-hw-mul\libc.a(lib_a-fputwc.o)
 .data          0x00000000000392dc        0x0 c:/altera/16.0/nios2eds/bin/gnu/h-x86_64-mingw32/bin/../lib/gcc/nios2-elf/5.2.0/../../../../../H-x86_64-mingw32/nios2-elf/lib/mno-hw-mul\libc.a(lib_a-fstatr.o)
 .data          0x00000000000392dc        0x0 c:/altera/16.0/nios2eds/bin/gnu/h-x86_64-mingw32/bin/../lib/gcc/nios2-elf/5.2.0/../../../../../H-x86_64-mingw32/nios2-elf/lib/mno-hw-mul\libc.a(lib_a-gdtoa-gethex.o)
 .data          0x00000000000392dc        0x0 c:/altera/16.0/nios2eds/bin/gnu/h-x86_64-mingw32/bin/../lib/gcc/nios2-elf/5.2.0/../../../../../H-x86_64-mingw32/nios2-elf/lib/mno-hw-mul\libc.a(lib_a-gdtoa-hexnan.o)
 .data          0x00000000000392dc        0x0 c:/altera/16.0/nios2eds/bin/gnu/h-x86_64-mingw32/bin/../lib/gcc/nios2-elf/5.2.0/../../../../../H-x86_64-mingw32/nios2-elf/lib/mno-hw-mul\libc.a(lib_a-int_errno.o)
 .data          0x00000000000392dc        0x0 c:/altera/16.0/nios2eds/bin/gnu/h-x86_64-mingw32/bin/../lib/gcc/nios2-elf/5.2.0/../../../../../H-x86_64-mingw32/nios2-elf/lib/mno-hw-mul\libc.a(lib_a-isattyr.o)
 .data          0x00000000000392dc        0x0 c:/altera/16.0/nios2eds/bin/gnu/h-x86_64-mingw32/bin/../lib/gcc/nios2-elf/5.2.0/../../../../../H-x86_64-mingw32/nios2-elf/lib/mno-hw-mul\libc.a(lib_a-lseekr.o)
 .data          0x00000000000392dc        0x0 c:/altera/16.0/nios2eds/bin/gnu/h-x86_64-mingw32/bin/../lib/gcc/nios2-elf/5.2.0/../../../../../H-x86_64-mingw32/nios2-elf/lib/mno-hw-mul\libc.a(lib_a-readr.o)
 .data          0x00000000000392dc        0x0 c:/altera/16.0/nios2eds/bin/gnu/h-x86_64-mingw32/bin/../lib/gcc/nios2-elf/5.2.0/../../../../../H-x86_64-mingw32/nios2-elf/lib/mno-hw-mul\libc.a(lib_a-strncmp.o)
 .data          0x00000000000392dc        0x0 c:/altera/16.0/nios2eds/bin/gnu/h-x86_64-mingw32/bin/../lib/gcc/nios2-elf/5.2.0/../../../../../H-x86_64-mingw32/nios2-elf/lib/mno-hw-mul\libc.a(lib_a-svfiprintf.o)
 .data          0x00000000000392dc        0x0 c:/altera/16.0/nios2eds/bin/gnu/h-x86_64-mingw32/bin/../lib/gcc/nios2-elf/5.2.0/../../../../../H-x86_64-mingw32/nios2-elf/lib/mno-hw-mul\libc.a(lib_a-wcrtomb.o)
 .data          0x00000000000392dc        0x0 c:/altera/16.0/nios2eds/bin/gnu/h-x86_64-mingw32/bin/../lib/gcc/nios2-elf/5.2.0/../../../../../H-x86_64-mingw32/nios2-elf/lib/mno-hw-mul\libc.a(lib_a-wctomb_r.o)
 .data          0x00000000000392dc        0x0 c:/altera/16.0/nios2eds/bin/gnu/h-x86_64-mingw32/bin/../lib/gcc/nios2-elf/5.2.0/mno-hw-mul\libgcc.a(_muldi3.o)
 .data          0x00000000000392dc        0x0 c:/altera/16.0/nios2eds/bin/gnu/h-x86_64-mingw32/bin/../lib/gcc/nios2-elf/5.2.0/mno-hw-mul\libgcc.a(_fixunsdfsi.o)
 .data          0x00000000000392dc        0x0 c:/altera/16.0/nios2eds/bin/gnu/h-x86_64-mingw32/bin/../lib/gcc/nios2-elf/5.2.0/mno-hw-mul\libgcc.a(_udivdi3.o)
 .data          0x00000000000392dc        0x0 c:/altera/16.0/nios2eds/bin/gnu/h-x86_64-mingw32/bin/../lib/gcc/nios2-elf/5.2.0/mno-hw-mul\libgcc.a(_umoddi3.o)
 .data          0x00000000000392dc        0x0 c:/altera/16.0/nios2eds/bin/gnu/h-x86_64-mingw32/bin/../lib/gcc/nios2-elf/5.2.0/mno-hw-mul\libgcc.a(lib2-divmod.o)
 .data          0x00000000000392dc        0x0 c:/altera/16.0/nios2eds/bin/gnu/h-x86_64-mingw32/bin/../lib/gcc/nios2-elf/5.2.0/mno-hw-mul\libgcc.a(lib2-mul.o)
 .data          0x00000000000392dc        0x0 c:/altera/16.0/nios2eds/bin/gnu/h-x86_64-mingw32/bin/../lib/gcc/nios2-elf/5.2.0/mno-hw-mul\libgcc.a(eqsf2.o)
 .data          0x00000000000392dc        0x0 c:/altera/16.0/nios2eds/bin/gnu/h-x86_64-mingw32/bin/../lib/gcc/nios2-elf/5.2.0/mno-hw-mul\libgcc.a(gesf2.o)
 .data          0x00000000000392dc        0x0 c:/altera/16.0/nios2eds/bin/gnu/h-x86_64-mingw32/bin/../lib/gcc/nios2-elf/5.2.0/mno-hw-mul\libgcc.a(lesf2.o)
 .data          0x00000000000392dc        0x0 c:/altera/16.0/nios2eds/bin/gnu/h-x86_64-mingw32/bin/../lib/gcc/nios2-elf/5.2.0/mno-hw-mul\libgcc.a(adddf3.o)
 .data          0x00000000000392dc        0x0 c:/altera/16.0/nios2eds/bin/gnu/h-x86_64-mingw32/bin/../lib/gcc/nios2-elf/5.2.0/mno-hw-mul\libgcc.a(divdf3.o)
 .data          0x00000000000392dc        0x0 c:/altera/16.0/nios2eds/bin/gnu/h-x86_64-mingw32/bin/../lib/gcc/nios2-elf/5.2.0/mno-hw-mul\libgcc.a(eqdf2.o)
 .data          0x00000000000392dc        0x0 c:/altera/16.0/nios2eds/bin/gnu/h-x86_64-mingw32/bin/../lib/gcc/nios2-elf/5.2.0/mno-hw-mul\libgcc.a(gedf2.o)
 .data          0x00000000000392dc        0x0 c:/altera/16.0/nios2eds/bin/gnu/h-x86_64-mingw32/bin/../lib/gcc/nios2-elf/5.2.0/mno-hw-mul\libgcc.a(ledf2.o)
 .data          0x00000000000392dc        0x0 c:/altera/16.0/nios2eds/bin/gnu/h-x86_64-mingw32/bin/../lib/gcc/nios2-elf/5.2.0/mno-hw-mul\libgcc.a(muldf3.o)
 .data          0x00000000000392dc        0x0 c:/altera/16.0/nios2eds/bin/gnu/h-x86_64-mingw32/bin/../lib/gcc/nios2-elf/5.2.0/mno-hw-mul\libgcc.a(subdf3.o)