Analysis & Synthesis report for DE1_SoC
Sat Jan 21 14:17:54 2017
Quartus II 64-Bit Version 14.0.0 Build 200 06/17/2014 SJ Web Edition


---------------------
; Table of Contents ;
---------------------
  1. Legal Notice
  2. Analysis & Synthesis Summary
  3. Analysis & Synthesis Settings
  4. Parallel Compilation
  5. Analysis & Synthesis Source Files Read
  6. Analysis & Synthesis Resource Usage Summary
  7. Analysis & Synthesis Resource Utilization by Entity
  8. Registers Removed During Synthesis
  9. General Register Statistics
 10. Multiplexer Restructuring Statistics (Restructuring Performed)
 11. Parameter Settings for User Entity Instance: Top-level Entity: |lab2TopLevel
 12. Parameter Settings for Inferred Entity Instance: convertToDisp:lockConv|lpm_divide:Mod0
 13. Parameter Settings for Inferred Entity Instance: convertToDisp:lockConv|lpm_divide:Div0
 14. Port Connectivity Checks: "lockSystem:lock|compWater:innerWaterCheck"
 15. Port Connectivity Checks: "lockSystem:lock|compWater:outerWaterCheck"
 16. Port Connectivity Checks: "seg7:h5"
 17. Port Connectivity Checks: "seg7:h4"
 18. Port Connectivity Checks: "seg7:h3"
 19. Port Connectivity Checks: "seg7:h2"
 20. Port Connectivity Checks: "seg7:h1"
 21. Port Connectivity Checks: "seg7:h0"
 22. Port Connectivity Checks: "clock_divider:cdiv"
 23. Post-Synthesis Netlist Statistics for Top Partition
 24. Elapsed Time Per Partition
 25. Analysis & Synthesis Messages
 26. Analysis & Synthesis Suppressed Messages



----------------
; Legal Notice ;
----------------
Copyright (C) 1991-2014 Altera Corporation. All rights reserved.
Your use of Altera Corporation's design tools, logic functions 
and other software and tools, and its AMPP partner logic 
functions, and any output files from any of the foregoing 
(including device programming or simulation files), and any 
associated documentation or information are expressly subject 
to the terms and conditions of the Altera Program License 
Subscription Agreement, the Altera Quartus II License Agreement,
the Altera MegaCore Function License Agreement, or other 
applicable license agreement, including, without limitation, 
that your use is for the sole purpose of programming logic 
devices manufactured by Altera and sold by Altera or its 
authorized distributors.  Please refer to the applicable 
agreement for further details.



+------------------------------------------------------------------------------+
; Analysis & Synthesis Summary                                                 ;
+---------------------------------+--------------------------------------------+
; Analysis & Synthesis Status     ; Successful - Sat Jan 21 14:17:54 2017      ;
; Quartus II 64-Bit Version       ; 14.0.0 Build 200 06/17/2014 SJ Web Edition ;
; Revision Name                   ; DE1_SoC                                    ;
; Top-level Entity Name           ; lab2TopLevel                               ;
; Family                          ; Cyclone V                                  ;
; Logic utilization (in ALMs)     ; N/A                                        ;
; Total registers                 ; 34                                         ;
; Total pins                      ; 61                                         ;
; Total virtual pins              ; 0                                          ;
; Total block memory bits         ; 0                                          ;
; Total DSP Blocks                ; 0                                          ;
; Total HSSI RX PCSs              ; 0                                          ;
; Total HSSI PMA RX Deserializers ; 0                                          ;
; Total HSSI TX PCSs              ; 0                                          ;
; Total HSSI PMA TX Serializers   ; 0                                          ;
; Total PLLs                      ; 0                                          ;
; Total DLLs                      ; 0                                          ;
+---------------------------------+--------------------------------------------+


+---------------------------------------------------------------------------------------------------------------------------+
; Analysis & Synthesis Settings                                                                                             ;
+---------------------------------------------------------------------------------+--------------------+--------------------+
; Option                                                                          ; Setting            ; Default Value      ;
+---------------------------------------------------------------------------------+--------------------+--------------------+
; Device                                                                          ; 5CSEMA5F31C6       ;                    ;
; Top-level entity name                                                           ; lab2TopLevel       ; DE1_SoC            ;
; Family name                                                                     ; Cyclone V          ; Cyclone IV GX      ;
; State Machine Processing                                                        ; User-Encoded       ; Auto               ;
; Use smart compilation                                                           ; Off                ; Off                ;
; Enable parallel Assembler and TimeQuest Timing Analyzer during compilation      ; On                 ; On                 ;
; Enable compact report table                                                     ; Off                ; Off                ;
; Restructure Multiplexers                                                        ; Auto               ; Auto               ;
; MLAB Add Timing Constraints For Mixed-Port Feed-Through Mode Setting Don't Care ; Off                ; Off                ;
; Create Debugging Nodes for IP Cores                                             ; Off                ; Off                ;
; Preserve fewer node names                                                       ; On                 ; On                 ;
; Disable OpenCore Plus hardware evaluation                                       ; Off                ; Off                ;
; Verilog Version                                                                 ; Verilog_2001       ; Verilog_2001       ;
; VHDL Version                                                                    ; VHDL_1993          ; VHDL_1993          ;
; Safe State Machine                                                              ; Off                ; Off                ;
; Extract Verilog State Machines                                                  ; On                 ; On                 ;
; Extract VHDL State Machines                                                     ; On                 ; On                 ;
; Ignore Verilog initial constructs                                               ; Off                ; Off                ;
; Iteration limit for constant Verilog loops                                      ; 5000               ; 5000               ;
; Iteration limit for non-constant Verilog loops                                  ; 250                ; 250                ;
; Add Pass-Through Logic to Inferred RAMs                                         ; On                 ; On                 ;
; Infer RAMs from Raw Logic                                                       ; On                 ; On                 ;
; Parallel Synthesis                                                              ; On                 ; On                 ;
; DSP Block Balancing                                                             ; Auto               ; Auto               ;
; NOT Gate Push-Back                                                              ; On                 ; On                 ;
; Power-Up Don't Care                                                             ; On                 ; On                 ;
; Remove Redundant Logic Cells                                                    ; Off                ; Off                ;
; Remove Duplicate Registers                                                      ; On                 ; On                 ;
; Ignore CARRY Buffers                                                            ; Off                ; Off                ;
; Ignore CASCADE Buffers                                                          ; Off                ; Off                ;
; Ignore GLOBAL Buffers                                                           ; Off                ; Off                ;
; Ignore ROW GLOBAL Buffers                                                       ; Off                ; Off                ;
; Ignore LCELL Buffers                                                            ; Off                ; Off                ;
; Ignore SOFT Buffers                                                             ; On                 ; On                 ;
; Limit AHDL Integers to 32 Bits                                                  ; Off                ; Off                ;
; Optimization Technique                                                          ; Balanced           ; Balanced           ;
; Carry Chain Length                                                              ; 70                 ; 70                 ;
; Auto Carry Chains                                                               ; On                 ; On                 ;
; Auto Open-Drain Pins                                                            ; On                 ; On                 ;
; Perform WYSIWYG Primitive Resynthesis                                           ; Off                ; Off                ;
; Auto ROM Replacement                                                            ; On                 ; On                 ;
; Auto RAM Replacement                                                            ; On                 ; On                 ;
; Auto DSP Block Replacement                                                      ; On                 ; On                 ;
; Auto Shift Register Replacement                                                 ; Auto               ; Auto               ;
; Allow Shift Register Merging across Hierarchies                                 ; Auto               ; Auto               ;
; Auto Clock Enable Replacement                                                   ; On                 ; On                 ;
; Strict RAM Replacement                                                          ; Off                ; Off                ;
; Allow Synchronous Control Signals                                               ; On                 ; On                 ;
; Force Use of Synchronous Clear Signals                                          ; Off                ; Off                ;
; Auto Resource Sharing                                                           ; Off                ; Off                ;
; Allow Any RAM Size For Recognition                                              ; Off                ; Off                ;
; Allow Any ROM Size For Recognition                                              ; Off                ; Off                ;
; Allow Any Shift Register Size For Recognition                                   ; Off                ; Off                ;
; Use LogicLock Constraints during Resource Balancing                             ; On                 ; On                 ;
; Ignore translate_off and synthesis_off directives                               ; Off                ; Off                ;
; Timing-Driven Synthesis                                                         ; On                 ; On                 ;
; Report Parameter Settings                                                       ; On                 ; On                 ;
; Report Source Assignments                                                       ; On                 ; On                 ;
; Report Connectivity Checks                                                      ; On                 ; On                 ;
; Ignore Maximum Fan-Out Assignments                                              ; Off                ; Off                ;
; Synchronization Register Chain Length                                           ; 3                  ; 3                  ;
; PowerPlay Power Optimization                                                    ; Normal compilation ; Normal compilation ;
; HDL message level                                                               ; Level2             ; Level2             ;
; Suppress Register Optimization Related Messages                                 ; Off                ; Off                ;
; Number of Removed Registers Reported in Synthesis Report                        ; 5000               ; 5000               ;
; Number of Swept Nodes Reported in Synthesis Report                              ; 5000               ; 5000               ;
; Number of Inverted Registers Reported in Synthesis Report                       ; 100                ; 100                ;
; Clock MUX Protection                                                            ; On                 ; On                 ;
; Auto Gated Clock Conversion                                                     ; Off                ; Off                ;
; Block Design Naming                                                             ; Auto               ; Auto               ;
; SDC constraint protection                                                       ; Off                ; Off                ;
; Synthesis Effort                                                                ; Auto               ; Auto               ;
; Shift Register Replacement - Allow Asynchronous Clear Signal                    ; On                 ; On                 ;
; Pre-Mapping Resynthesis Optimization                                            ; Off                ; Off                ;
; Analysis & Synthesis Message Level                                              ; Medium             ; Medium             ;
; Disable Register Merging Across Hierarchies                                     ; Auto               ; Auto               ;
; Resource Aware Inference For Block RAM                                          ; On                 ; On                 ;
; Synthesis Seed                                                                  ; 1                  ; 1                  ;
; Automatic Parallel Synthesis                                                    ; On                 ; On                 ;
; Partial Reconfiguration Bitstream ID                                            ; Off                ; Off                ;
+---------------------------------------------------------------------------------+--------------------+--------------------+


Parallel compilation was disabled, but you have multiple processors available. Enable parallel compilation to reduce compilation time.
+-------------------------------------+
; Parallel Compilation                ;
+----------------------------+--------+
; Processors                 ; Number ;
+----------------------------+--------+
; Number detected on machine ; 8      ;
; Maximum allowed            ; 1      ;
+----------------------------+--------+


+----------------------------------------------------------------------------------------------------------------------------------------------------------------------------+
; Analysis & Synthesis Source Files Read                                                                                                                                     ;
+----------------------------------+-----------------+------------------------------+------------------------------------------------------------------------------+---------+
; File Name with User-Entered Path ; Used in Netlist ; File Type                    ; File Name with Absolute Path                                                 ; Library ;
+----------------------------------+-----------------+------------------------------+------------------------------------------------------------------------------+---------+
; convertToDisp.v                  ; yes             ; User Verilog HDL File        ; D:/Schoolwork/Winter_17/EE371/lab2/ee371_winter17/convertToDisp.v            ;         ;
; seg7.sv                          ; yes             ; User SystemVerilog HDL File  ; D:/Schoolwork/Winter_17/EE371/lab2/ee371_winter17/seg7.sv                    ;         ;
; lockSystem.v                     ; yes             ; User Verilog HDL File        ; D:/Schoolwork/Winter_17/EE371/lab2/ee371_winter17/lockSystem.v               ;         ;
; clock_divider.v                  ; yes             ; User Verilog HDL File        ; D:/Schoolwork/Winter_17/EE371/lab2/ee371_winter17/clock_divider.v            ;         ;
; lab2TopLevel.v                   ; yes             ; User Verilog HDL File        ; D:/Schoolwork/Winter_17/EE371/lab2/ee371_winter17/lab2TopLevel.v             ;         ;
; compWater.v                      ; yes             ; User Verilog HDL File        ; D:/Schoolwork/Winter_17/EE371/lab2/ee371_winter17/compWater.v                ;         ;
; lpm_divide.tdf                   ; yes             ; Megafunction                 ; d:/development/altera/quartus/libraries/megafunctions/lpm_divide.tdf         ;         ;
; abs_divider.inc                  ; yes             ; Megafunction                 ; d:/development/altera/quartus/libraries/megafunctions/abs_divider.inc        ;         ;
; sign_div_unsign.inc              ; yes             ; Megafunction                 ; d:/development/altera/quartus/libraries/megafunctions/sign_div_unsign.inc    ;         ;
; aglobal140.inc                   ; yes             ; Megafunction                 ; d:/development/altera/quartus/libraries/megafunctions/aglobal140.inc         ;         ;
; db/lpm_divide_82m.tdf            ; yes             ; Auto-Generated Megafunction  ; D:/Schoolwork/Winter_17/EE371/lab2/ee371_winter17/db/lpm_divide_82m.tdf      ;         ;
; db/sign_div_unsign_bkh.tdf       ; yes             ; Auto-Generated Megafunction  ; D:/Schoolwork/Winter_17/EE371/lab2/ee371_winter17/db/sign_div_unsign_bkh.tdf ;         ;
; db/alt_u_div_sse.tdf             ; yes             ; Auto-Generated Megafunction  ; D:/Schoolwork/Winter_17/EE371/lab2/ee371_winter17/db/alt_u_div_sse.tdf       ;         ;
; db/lpm_divide_5am.tdf            ; yes             ; Auto-Generated Megafunction  ; D:/Schoolwork/Winter_17/EE371/lab2/ee371_winter17/db/lpm_divide_5am.tdf      ;         ;
+----------------------------------+-----------------+------------------------------+------------------------------------------------------------------------------+---------+


+--------------------------------------------------------------+
; Analysis & Synthesis Resource Usage Summary                  ;
+---------------------------------------------+----------------+
; Resource                                    ; Usage          ;
+---------------------------------------------+----------------+
; Estimate of Logic utilization (ALMs needed) ; 87             ;
;                                             ;                ;
; Combinational ALUT usage for logic          ; 170            ;
;     -- 7 input functions                    ; 0              ;
;     -- 6 input functions                    ; 4              ;
;     -- 5 input functions                    ; 4              ;
;     -- 4 input functions                    ; 12             ;
;     -- <=3 input functions                  ; 150            ;
;                                             ;                ;
; Dedicated logic registers                   ; 34             ;
;                                             ;                ;
; I/O pins                                    ; 61             ;
; Total DSP Blocks                            ; 0              ;
; Maximum fan-out node                        ; CLOCK_50~input ;
; Maximum fan-out                             ; 24             ;
; Total fan-out                               ; 602            ;
; Average fan-out                             ; 1.85           ;
+---------------------------------------------+----------------+


+-------------------------------------------------------------------------------------------------------------------------------------------------------------------------------------------------------------------------------------------------------------------------------------------+
; Analysis & Synthesis Resource Utilization by Entity                                                                                                                                                                                                                                       ;
+-------------------------------------------+-------------------+--------------+-------------------+------------+------+--------------+--------------------------------------------------------------------------------------------------------------------------------------+--------------+
; Compilation Hierarchy Node                ; LC Combinationals ; LC Registers ; Block Memory Bits ; DSP Blocks ; Pins ; Virtual Pins ; Full Hierarchy Name                                                                                                                  ; Library Name ;
+-------------------------------------------+-------------------+--------------+-------------------+------------+------+--------------+--------------------------------------------------------------------------------------------------------------------------------------+--------------+
; |lab2TopLevel                             ; 170 (1)           ; 34 (0)       ; 0                 ; 0          ; 61   ; 0            ; |lab2TopLevel                                                                                                                        ; work         ;
;    |clock_divider:cdiv|                   ; 24 (24)           ; 24 (24)      ; 0                 ; 0          ; 0    ; 0            ; |lab2TopLevel|clock_divider:cdiv                                                                                                     ; work         ;
;    |convertToDisp:lockConv|               ; 102 (0)           ; 0 (0)        ; 0                 ; 0          ; 0    ; 0            ; |lab2TopLevel|convertToDisp:lockConv                                                                                                 ; work         ;
;       |lpm_divide:Div0|                   ; 49 (0)            ; 0 (0)        ; 0                 ; 0          ; 0    ; 0            ; |lab2TopLevel|convertToDisp:lockConv|lpm_divide:Div0                                                                                 ; work         ;
;          |lpm_divide_5am:auto_generated|  ; 49 (0)            ; 0 (0)        ; 0                 ; 0          ; 0    ; 0            ; |lab2TopLevel|convertToDisp:lockConv|lpm_divide:Div0|lpm_divide_5am:auto_generated                                                   ; work         ;
;             |sign_div_unsign_bkh:divider| ; 49 (0)            ; 0 (0)        ; 0                 ; 0          ; 0    ; 0            ; |lab2TopLevel|convertToDisp:lockConv|lpm_divide:Div0|lpm_divide_5am:auto_generated|sign_div_unsign_bkh:divider                       ; work         ;
;                |alt_u_div_sse:divider|    ; 49 (49)           ; 0 (0)        ; 0                 ; 0          ; 0    ; 0            ; |lab2TopLevel|convertToDisp:lockConv|lpm_divide:Div0|lpm_divide_5am:auto_generated|sign_div_unsign_bkh:divider|alt_u_div_sse:divider ; work         ;
;       |lpm_divide:Mod0|                   ; 53 (0)            ; 0 (0)        ; 0                 ; 0          ; 0    ; 0            ; |lab2TopLevel|convertToDisp:lockConv|lpm_divide:Mod0                                                                                 ; work         ;
;          |lpm_divide_82m:auto_generated|  ; 53 (0)            ; 0 (0)        ; 0                 ; 0          ; 0    ; 0            ; |lab2TopLevel|convertToDisp:lockConv|lpm_divide:Mod0|lpm_divide_82m:auto_generated                                                   ; work         ;
;             |sign_div_unsign_bkh:divider| ; 53 (0)            ; 0 (0)        ; 0                 ; 0          ; 0    ; 0            ; |lab2TopLevel|convertToDisp:lockConv|lpm_divide:Mod0|lpm_divide_82m:auto_generated|sign_div_unsign_bkh:divider                       ; work         ;
;                |alt_u_div_sse:divider|    ; 53 (53)           ; 0 (0)        ; 0                 ; 0          ; 0    ; 0            ; |lab2TopLevel|convertToDisp:lockConv|lpm_divide:Mod0|lpm_divide_82m:auto_generated|sign_div_unsign_bkh:divider|alt_u_div_sse:divider ; work         ;
;    |lockSystem:lock|                      ; 31 (13)           ; 10 (10)      ; 0                 ; 0          ; 0    ; 0            ; |lab2TopLevel|lockSystem:lock                                                                                                        ; work         ;
;       |compWater:innerWaterCheck|         ; 9 (9)             ; 0 (0)        ; 0                 ; 0          ; 0    ; 0            ; |lab2TopLevel|lockSystem:lock|compWater:innerWaterCheck                                                                              ; work         ;
;       |compWater:outerWaterCheck|         ; 9 (9)             ; 0 (0)        ; 0                 ; 0          ; 0    ; 0            ; |lab2TopLevel|lockSystem:lock|compWater:outerWaterCheck                                                                              ; work         ;
;    |seg7:h2|                              ; 6 (6)             ; 0 (0)        ; 0                 ; 0          ; 0    ; 0            ; |lab2TopLevel|seg7:h2                                                                                                                ; work         ;
;    |seg7:h3|                              ; 6 (6)             ; 0 (0)        ; 0                 ; 0          ; 0    ; 0            ; |lab2TopLevel|seg7:h3                                                                                                                ; work         ;
+-------------------------------------------+-------------------+--------------+-------------------+------------+------+--------------+--------------------------------------------------------------------------------------------------------------------------------------+--------------+
Note: For table entries with two numbers listed, the numbers in parentheses indicate the number of resources of the given type used by the specific entity alone. The numbers listed outside of parentheses indicate the total resources of the given type used by the specific entity and all of its sub-entities in the hierarchy.


+----------------------------------------------------------------+
; Registers Removed During Synthesis                             ;
+-------------------------------------------+--------------------+
; Register name                             ; Reason for Removal ;
+-------------------------------------------+--------------------+
; clock_divider:cdiv|divided_clocks[24..31] ; Lost fanout        ;
; Total Number of Removed Registers = 8     ;                    ;
+-------------------------------------------+--------------------+


+------------------------------------------------------+
; General Register Statistics                          ;
+----------------------------------------------+-------+
; Statistic                                    ; Value ;
+----------------------------------------------+-------+
; Total registers                              ; 34    ;
; Number of registers using Synchronous Clear  ; 0     ;
; Number of registers using Synchronous Load   ; 8     ;
; Number of registers using Asynchronous Clear ; 0     ;
; Number of registers using Asynchronous Load  ; 0     ;
; Number of registers using Clock Enable       ; 8     ;
; Number of registers using Preset             ; 0     ;
+----------------------------------------------+-------+


+----------------------------------------------------------------------------------------------------------------------------------------------------------+
; Multiplexer Restructuring Statistics (Restructuring Performed)                                                                                           ;
+--------------------+-----------+---------------+----------------------+------------------------+------------+--------------------------------------------+
; Multiplexer Inputs ; Bus Width ; Baseline Area ; Area if Restructured ; Saving if Restructured ; Registered ; Example Multiplexer Output                 ;
+--------------------+-----------+---------------+----------------------+------------------------+------------+--------------------------------------------+
; 4:1                ; 3 bits    ; 6 LEs         ; 3 LEs                ; 3 LEs                  ; Yes        ; |lab2TopLevel|lockSystem:lock|lockWater[5] ;
; 4:1                ; 5 bits    ; 10 LEs        ; 5 LEs                ; 5 LEs                  ; Yes        ; |lab2TopLevel|lockSystem:lock|lockWater[7] ;
+--------------------+-----------+---------------+----------------------+------------------------+------------+--------------------------------------------+


+------------------------------------------------------------------------------+
; Parameter Settings for User Entity Instance: Top-level Entity: |lab2TopLevel ;
+----------------+-------+-----------------------------------------------------+
; Parameter Name ; Value ; Type                                                ;
+----------------+-------+-----------------------------------------------------+
; whichClock     ; 23    ; Signed Integer                                      ;
+----------------+-------+-----------------------------------------------------+
Note: In order to hide this table in the UI and the text report file, please set the "Show Parameter Settings in Synthesis Report" option in "Analysis and Synthesis Settings -> More Settings" to "Off".


+-----------------------------------------------------------------------------------------+
; Parameter Settings for Inferred Entity Instance: convertToDisp:lockConv|lpm_divide:Mod0 ;
+------------------------+----------------+-----------------------------------------------+
; Parameter Name         ; Value          ; Type                                          ;
+------------------------+----------------+-----------------------------------------------+
; LPM_WIDTHN             ; 8              ; Untyped                                       ;
; LPM_WIDTHD             ; 4              ; Untyped                                       ;
; LPM_NREPRESENTATION    ; UNSIGNED       ; Untyped                                       ;
; LPM_DREPRESENTATION    ; UNSIGNED       ; Untyped                                       ;
; LPM_PIPELINE           ; 0              ; Untyped                                       ;
; LPM_REMAINDERPOSITIVE  ; TRUE           ; Untyped                                       ;
; MAXIMIZE_SPEED         ; 5              ; Untyped                                       ;
; CBXI_PARAMETER         ; lpm_divide_82m ; Untyped                                       ;
; CARRY_CHAIN            ; MANUAL         ; Untyped                                       ;
; OPTIMIZE_FOR_SPEED     ; 5              ; Untyped                                       ;
; AUTO_CARRY_CHAINS      ; ON             ; AUTO_CARRY                                    ;
; IGNORE_CARRY_BUFFERS   ; OFF            ; IGNORE_CARRY                                  ;
; AUTO_CASCADE_CHAINS    ; ON             ; AUTO_CASCADE                                  ;
; IGNORE_CASCADE_BUFFERS ; OFF            ; IGNORE_CASCADE                                ;
+------------------------+----------------+-----------------------------------------------+
Note: In order to hide this table in the UI and the text report file, please set the "Show Parameter Settings in Synthesis Report" option in "Analysis and Synthesis Settings -> More Settings" to "Off".


+-----------------------------------------------------------------------------------------+
; Parameter Settings for Inferred Entity Instance: convertToDisp:lockConv|lpm_divide:Div0 ;
+------------------------+----------------+-----------------------------------------------+
; Parameter Name         ; Value          ; Type                                          ;
+------------------------+----------------+-----------------------------------------------+
; LPM_WIDTHN             ; 8              ; Untyped                                       ;
; LPM_WIDTHD             ; 4              ; Untyped                                       ;
; LPM_NREPRESENTATION    ; UNSIGNED       ; Untyped                                       ;
; LPM_DREPRESENTATION    ; UNSIGNED       ; Untyped                                       ;
; LPM_PIPELINE           ; 0              ; Untyped                                       ;
; LPM_REMAINDERPOSITIVE  ; TRUE           ; Untyped                                       ;
; MAXIMIZE_SPEED         ; 5              ; Untyped                                       ;
; CBXI_PARAMETER         ; lpm_divide_5am ; Untyped                                       ;
; CARRY_CHAIN            ; MANUAL         ; Untyped                                       ;
; OPTIMIZE_FOR_SPEED     ; 5              ; Untyped                                       ;
; AUTO_CARRY_CHAINS      ; ON             ; AUTO_CARRY                                    ;
; IGNORE_CARRY_BUFFERS   ; OFF            ; IGNORE_CARRY                                  ;
; AUTO_CASCADE_CHAINS    ; ON             ; AUTO_CASCADE                                  ;
; IGNORE_CASCADE_BUFFERS ; OFF            ; IGNORE_CASCADE                                ;
+------------------------+----------------+-----------------------------------------------+
Note: In order to hide this table in the UI and the text report file, please set the "Show Parameter Settings in Synthesis Report" option in "Analysis and Synthesis Settings -> More Settings" to "Off".


+-----------------------------------------------------------------------+
; Port Connectivity Checks: "lockSystem:lock|compWater:innerWaterCheck" ;
+--------------+-------+----------+-------------------------------------+
; Port         ; Type  ; Severity ; Details                             ;
+--------------+-------+----------+-------------------------------------+
; water1[5..4] ; Input ; Info     ; Stuck at VCC                        ;
; water1[7..6] ; Input ; Info     ; Stuck at GND                        ;
; water1[3..1] ; Input ; Info     ; Stuck at GND                        ;
; water1[0]    ; Input ; Info     ; Stuck at VCC                        ;
+--------------+-------+----------+-------------------------------------+


+-----------------------------------------------------------------------+
; Port Connectivity Checks: "lockSystem:lock|compWater:outerWaterCheck" ;
+--------------+-------+----------+-------------------------------------+
; Port         ; Type  ; Severity ; Details                             ;
+--------------+-------+----------+-------------------------------------+
; water1[5..4] ; Input ; Info     ; Stuck at GND                        ;
; water1[2..1] ; Input ; Info     ; Stuck at GND                        ;
; water1[7]    ; Input ; Info     ; Stuck at GND                        ;
; water1[6]    ; Input ; Info     ; Stuck at VCC                        ;
; water1[3]    ; Input ; Info     ; Stuck at VCC                        ;
; water1[0]    ; Input ; Info     ; Stuck at VCC                        ;
+--------------+-------+----------+-------------------------------------+


+----------------------------------------------------------------------------------------------------------------------------------------------------+
; Port Connectivity Checks: "seg7:h5"                                                                                                                ;
+------+--------+----------+-------------------------------------------------------------------------------------------------------------------------+
; Port ; Type   ; Severity ; Details                                                                                                                 ;
+------+--------+----------+-------------------------------------------------------------------------------------------------------------------------+
; leds ; Output ; Warning  ; Output or bidir port (7 bits) is wider than the port expression (6 bits) it drives; bit(s) "leds[6..6]" have no fanouts ;
+------+--------+----------+-------------------------------------------------------------------------------------------------------------------------+


+----------------------------------------------------------------------------------------------------------------------------------------------------+
; Port Connectivity Checks: "seg7:h4"                                                                                                                ;
+------+--------+----------+-------------------------------------------------------------------------------------------------------------------------+
; Port ; Type   ; Severity ; Details                                                                                                                 ;
+------+--------+----------+-------------------------------------------------------------------------------------------------------------------------+
; leds ; Output ; Warning  ; Output or bidir port (7 bits) is wider than the port expression (6 bits) it drives; bit(s) "leds[6..6]" have no fanouts ;
+------+--------+----------+-------------------------------------------------------------------------------------------------------------------------+


+----------------------------------------------------------------------------------------------------------------------------------------------------+
; Port Connectivity Checks: "seg7:h3"                                                                                                                ;
+------+--------+----------+-------------------------------------------------------------------------------------------------------------------------+
; Port ; Type   ; Severity ; Details                                                                                                                 ;
+------+--------+----------+-------------------------------------------------------------------------------------------------------------------------+
; leds ; Output ; Warning  ; Output or bidir port (7 bits) is wider than the port expression (6 bits) it drives; bit(s) "leds[6..6]" have no fanouts ;
+------+--------+----------+-------------------------------------------------------------------------------------------------------------------------+


+----------------------------------------------------------------------------------------------------------------------------------------------------+
; Port Connectivity Checks: "seg7:h2"                                                                                                                ;
+------+--------+----------+-------------------------------------------------------------------------------------------------------------------------+
; Port ; Type   ; Severity ; Details                                                                                                                 ;
+------+--------+----------+-------------------------------------------------------------------------------------------------------------------------+
; leds ; Output ; Warning  ; Output or bidir port (7 bits) is wider than the port expression (6 bits) it drives; bit(s) "leds[6..6]" have no fanouts ;
+------+--------+----------+-------------------------------------------------------------------------------------------------------------------------+


+----------------------------------------------------------------------------------------------------------------------------------------------------+
; Port Connectivity Checks: "seg7:h1"                                                                                                                ;
+------+--------+----------+-------------------------------------------------------------------------------------------------------------------------+
; Port ; Type   ; Severity ; Details                                                                                                                 ;
+------+--------+----------+-------------------------------------------------------------------------------------------------------------------------+
; leds ; Output ; Warning  ; Output or bidir port (7 bits) is wider than the port expression (6 bits) it drives; bit(s) "leds[6..6]" have no fanouts ;
+------+--------+----------+-------------------------------------------------------------------------------------------------------------------------+


+----------------------------------------------------------------------------------------------------------------------------------------------------+
; Port Connectivity Checks: "seg7:h0"                                                                                                                ;
+------+--------+----------+-------------------------------------------------------------------------------------------------------------------------+
; Port ; Type   ; Severity ; Details                                                                                                                 ;
+------+--------+----------+-------------------------------------------------------------------------------------------------------------------------+
; leds ; Output ; Warning  ; Output or bidir port (7 bits) is wider than the port expression (6 bits) it drives; bit(s) "leds[6..6]" have no fanouts ;
+------+--------+----------+-------------------------------------------------------------------------------------------------------------------------+


+----------------------------------------------------------------------------------------------------------------------------------+
; Port Connectivity Checks: "clock_divider:cdiv"                                                                                   ;
+------------------------+--------+----------+-------------------------------------------------------------------------------------+
; Port                   ; Type   ; Severity ; Details                                                                             ;
+------------------------+--------+----------+-------------------------------------------------------------------------------------+
; divided_clocks[31..24] ; Output ; Info     ; Connected to dangling logic. Logic that only feeds a dangling port will be removed. ;
; divided_clocks[22..0]  ; Output ; Info     ; Connected to dangling logic. Logic that only feeds a dangling port will be removed. ;
+------------------------+--------+----------+-------------------------------------------------------------------------------------+


+-----------------------------------------------------+
; Post-Synthesis Netlist Statistics for Top Partition ;
+-----------------------+-----------------------------+
; Type                  ; Count                       ;
+-----------------------+-----------------------------+
; arriav_ff             ; 34                          ;
;     ENA SLD           ; 8                           ;
;     plain             ; 26                          ;
; arriav_lcell_comb     ; 171                         ;
;     arith             ; 104                         ;
;         0 data inputs ; 18                          ;
;         1 data inputs ; 45                          ;
;         2 data inputs ; 13                          ;
;         3 data inputs ; 22                          ;
;         4 data inputs ; 6                           ;
;     normal            ; 57                          ;
;         0 data inputs ; 2                           ;
;         1 data inputs ; 1                           ;
;         2 data inputs ; 20                          ;
;         3 data inputs ; 20                          ;
;         4 data inputs ; 6                           ;
;         5 data inputs ; 4                           ;
;         6 data inputs ; 4                           ;
;     shared            ; 10                          ;
;         0 data inputs ; 2                           ;
;         1 data inputs ; 8                           ;
; boundary_port         ; 61                          ;
;                       ;                             ;
; Max LUT depth         ; 9.90                        ;
; Average LUT depth     ; 5.82                        ;
+-----------------------+-----------------------------+


+-------------------------------+
; Elapsed Time Per Partition    ;
+----------------+--------------+
; Partition Name ; Elapsed Time ;
+----------------+--------------+
; Top            ; 00:00:00     ;
+----------------+--------------+


+-------------------------------+
; Analysis & Synthesis Messages ;
+-------------------------------+
Info: *******************************************************************
Info: Running Quartus II 64-Bit Analysis & Synthesis
    Info: Version 14.0.0 Build 200 06/17/2014 SJ Web Edition
    Info: Processing started: Sat Jan 21 14:17:52 2017
Info: Command: quartus_map --read_settings_files=on --write_settings_files=off DE1_SoC -c DE1_SoC
Info (12021): Found 1 design units, including 1 entities, in source file converttodisp.v
    Info (12023): Found entity 1: convertToDisp
Info (12021): Found 1 design units, including 1 entities, in source file seg7.sv
    Info (12023): Found entity 1: seg7
Info (12021): Found 1 design units, including 1 entities, in source file locksystem.v
    Info (12023): Found entity 1: lockSystem
Info (12021): Found 1 design units, including 1 entities, in source file dflipflop.v
    Info (12023): Found entity 1: DFlipFlop
Info (12021): Found 1 design units, including 1 entities, in source file clock_divider.v
    Info (12023): Found entity 1: clock_divider
Info (12021): Found 1 design units, including 1 entities, in source file lab2toplevel.v
    Info (12023): Found entity 1: lab2TopLevel
Info (12021): Found 1 design units, including 1 entities, in source file compwater.v
    Info (12023): Found entity 1: compWater
Info (12127): Elaborating entity "lab2TopLevel" for the top level hierarchy
Info (12128): Elaborating entity "clock_divider" for hierarchy "clock_divider:cdiv"
Info (12128): Elaborating entity "convertToDisp" for hierarchy "convertToDisp:outerConv"
Warning (10230): Verilog HDL assignment warning at converttodisp.v(6): truncated value with size 8 to match size of target (4)
Warning (10230): Verilog HDL assignment warning at converttodisp.v(7): truncated value with size 8 to match size of target (4)
Info (12128): Elaborating entity "seg7" for hierarchy "seg7:h0"
Info (12128): Elaborating entity "lockSystem" for hierarchy "lockSystem:lock"
Info (12128): Elaborating entity "compWater" for hierarchy "lockSystem:lock|compWater:outerWaterCheck"
Info (278001): Inferred 2 megafunctions from design logic
    Info (278004): Inferred divider/modulo megafunction ("lpm_divide") from the following logic: "convertToDisp:lockConv|Mod0"
    Info (278004): Inferred divider/modulo megafunction ("lpm_divide") from the following logic: "convertToDisp:lockConv|Div0"
Info (12130): Elaborated megafunction instantiation "convertToDisp:lockConv|lpm_divide:Mod0"
Info (12133): Instantiated megafunction "convertToDisp:lockConv|lpm_divide:Mod0" with the following parameter:
    Info (12134): Parameter "LPM_WIDTHN" = "8"
    Info (12134): Parameter "LPM_WIDTHD" = "4"
    Info (12134): Parameter "LPM_NREPRESENTATION" = "UNSIGNED"
    Info (12134): Parameter "LPM_DREPRESENTATION" = "UNSIGNED"
Info (12021): Found 1 design units, including 1 entities, in source file db/lpm_divide_82m.tdf
    Info (12023): Found entity 1: lpm_divide_82m
Info (12021): Found 1 design units, including 1 entities, in source file db/sign_div_unsign_bkh.tdf
    Info (12023): Found entity 1: sign_div_unsign_bkh
Info (12021): Found 1 design units, including 1 entities, in source file db/alt_u_div_sse.tdf
    Info (12023): Found entity 1: alt_u_div_sse
Info (12130): Elaborated megafunction instantiation "convertToDisp:lockConv|lpm_divide:Div0"
Info (12133): Instantiated megafunction "convertToDisp:lockConv|lpm_divide:Div0" with the following parameter:
    Info (12134): Parameter "LPM_WIDTHN" = "8"
    Info (12134): Parameter "LPM_WIDTHD" = "4"
    Info (12134): Parameter "LPM_NREPRESENTATION" = "UNSIGNED"
    Info (12134): Parameter "LPM_DREPRESENTATION" = "UNSIGNED"
Info (12021): Found 1 design units, including 1 entities, in source file db/lpm_divide_5am.tdf
    Info (12023): Found entity 1: lpm_divide_5am
Warning (12241): 6 hierarchies have connectivity warnings - see the Connectivity Checks report folder
Info (286030): Timing-Driven Synthesis is running
Info (17049): 8 registers lost all their fanouts during netlist optimizations.
Info (144001): Generated suppressed messages file D:/Schoolwork/Winter_17/EE371/lab2/ee371_winter17/output_files/DE1_SoC.map.smsg
Info (16010): Generating hard_block partition "hard_block:auto_generated_inst"
    Info (16011): Adding 0 node(s), including 0 DDIO, 0 PLL, 0 transceiver and 0 LCELL
Info (21057): Implemented 231 device resources after synthesis - the final resource count might be different
    Info (21058): Implemented 15 input pins
    Info (21059): Implemented 46 output pins
    Info (21061): Implemented 170 logic cells
Info: Quartus II 64-Bit Analysis & Synthesis was successful. 0 errors, 3 warnings
    Info: Peak virtual memory: 621 megabytes
    Info: Processing ended: Sat Jan 21 14:17:54 2017
    Info: Elapsed time: 00:00:02
    Info: Total CPU time (on all processors): 00:00:02


+------------------------------------------+
; Analysis & Synthesis Suppressed Messages ;
+------------------------------------------+
The suppressed messages can be found in D:/Schoolwork/Winter_17/EE371/lab2/ee371_winter17/output_files/DE1_SoC.map.smsg.


